###############################################################################
#                                                                             #
# IAR ELF Linker V6.21.1.52794/W32 for ARM              04/Mar/2017  19:50:41 #
# Copyright 2007-2011 IAR Systems AB.                                         #
#                                                                             #
#    Output file  =  D:\Work\audio_stretch\from Nikita\_m_mp3\_m_mp3.902\Debu #
#                    g_iRAM\Exe\_mp3.out                                      #
#    Map file     =  D:\Work\audio_stretch\from Nikita\_m_mp3\_m_mp3.902\Debu #
#                    g_iRAM\List\_mp3.map                                     #
#    Command line =  "D:\Work\audio_stretch\from                              #
#                    Nikita\_m_mp3\_m_mp3.902\Debug_iRAM\Obj\Sin_Table.o"     #
#                    "D:\Work\audio_stretch\from                              #
#                    Nikita\_m_mp3\_m_mp3.902\Debug_iRAM\Obj\_aic23.o"        #
#                    "D:\Work\audio_stretch\from                              #
#                    Nikita\_m_mp3\_m_mp3.902\Debug_iRAM\Obj\_boost_tpa6011.o #
#                    " "D:\Work\audio_stretch\from                            #
#                    Nikita\_m_mp3\_m_mp3.902\Debug_iRAM\Obj\_crypt.o"        #
#                    "D:\Work\audio_stretch\from                              #
#                    Nikita\_m_mp3\_m_mp3.902\Debug_iRAM\Obj\_wd.o"           #
#                    "D:\Work\audio_stretch\from                              #
#                    Nikita\_m_mp3\_m_mp3.902\Debug_iRAM\Obj\arm926ej_cp15_dr #
#                    v.o" "D:\Work\audio_stretch\from                         #
#                    Nikita\_m_mp3\_m_mp3.902\Debug_iRAM\Obj\bit.o"           #
#                    "D:\Work\audio_stretch\from                              #
#                    Nikita\_m_mp3\_m_mp3.902\Debug_iRAM\Obj\charger.o"       #
#                    "D:\Work\audio_stretch\from                              #
#                    Nikita\_m_mp3\_m_mp3.902\Debug_iRAM\Obj\cstartup.o"      #
#                    "D:\Work\audio_stretch\from                              #
#                    Nikita\_m_mp3\_m_mp3.902\Debug_iRAM\Obj\debug.o"         #
#                    "D:\Work\audio_stretch\from                              #
#                    Nikita\_m_mp3\_m_mp3.902\Debug_iRAM\Obj\decoder.o"       #
#                    "D:\Work\audio_stretch\from                              #
#                    Nikita\_m_mp3\_m_mp3.902\Debug_iRAM\Obj\dir.o"           #
#                    "D:\Work\audio_stretch\from                              #
#                    Nikita\_m_mp3\_m_mp3.902\Debug_iRAM\Obj\disc.o"          #
#                    "D:\Work\audio_stretch\from                              #
#                    Nikita\_m_mp3\_m_mp3.902\Debug_iRAM\Obj\drv_booster.o"   #
#                    "D:\Work\audio_stretch\from                              #
#                    Nikita\_m_mp3\_m_mp3.902\Debug_iRAM\Obj\drv_cgu.o"       #
#                    "D:\Work\audio_stretch\from                              #
#                    Nikita\_m_mp3\_m_mp3.902\Debug_iRAM\Obj\drv_i2c.o"       #
#                    "D:\Work\audio_stretch\from                              #
#                    Nikita\_m_mp3\_m_mp3.902\Debug_iRAM\Obj\drv_intc.o"      #
#                    "D:\Work\audio_stretch\from                              #
#                    Nikita\_m_mp3\_m_mp3.902\Debug_iRAM\Obj\drv_nand.o"      #
#                    "D:\Work\audio_stretch\from                              #
#                    Nikita\_m_mp3\_m_mp3.902\Debug_iRAM\Obj\drv_spi.o"       #
#                    "D:\Work\audio_stretch\from                              #
#                    Nikita\_m_mp3\_m_mp3.902\Debug_iRAM\Obj\drv_spinor.o"    #
#                    "D:\Work\audio_stretch\from                              #
#                    Nikita\_m_mp3\_m_mp3.902\Debug_iRAM\Obj\efs.o"           #
#                    "D:\Work\audio_stretch\from                              #
#                    Nikita\_m_mp3\_m_mp3.902\Debug_iRAM\Obj\extract.o"       #
#                    "D:\Work\audio_stretch\from                              #
#                    Nikita\_m_mp3\_m_mp3.902\Debug_iRAM\Obj\fat.o"           #
#                    "D:\Work\audio_stretch\from                              #
#                    Nikita\_m_mp3\_m_mp3.902\Debug_iRAM\Obj\file.o"          #
#                    "D:\Work\audio_stretch\from                              #
#                    Nikita\_m_mp3\_m_mp3.902\Debug_iRAM\Obj\fixed.o"         #
#                    "D:\Work\audio_stretch\from                              #
#                    Nikita\_m_mp3\_m_mp3.902\Debug_iRAM\Obj\frame.o"         #
#                    "D:\Work\audio_stretch\from                              #
#                    Nikita\_m_mp3\_m_mp3.902\Debug_iRAM\Obj\fs.o"            #
#                    "D:\Work\audio_stretch\from                              #
#                    Nikita\_m_mp3\_m_mp3.902\Debug_iRAM\Obj\huffman.o"       #
#                    "D:\Work\audio_stretch\from                              #
#                    Nikita\_m_mp3\_m_mp3.902\Debug_iRAM\Obj\ioman.o"         #
#                    "D:\Work\audio_stretch\from                              #
#                    Nikita\_m_mp3\_m_mp3.902\Debug_iRAM\Obj\keeper.o"        #
#                    "D:\Work\audio_stretch\from                              #
#                    Nikita\_m_mp3\_m_mp3.902\Debug_iRAM\Obj\keyb.o"          #
#                    "D:\Work\audio_stretch\from                              #
#                    Nikita\_m_mp3\_m_mp3.902\Debug_iRAM\Obj\layer12.o"       #
#                    "D:\Work\audio_stretch\from                              #
#                    Nikita\_m_mp3\_m_mp3.902\Debug_iRAM\Obj\layer3.o"        #
#                    "D:\Work\audio_stretch\from                              #
#                    Nikita\_m_mp3\_m_mp3.902\Debug_iRAM\Obj\lpc3131_mci_nand #
#                    .o" "D:\Work\audio_stretch\from                          #
#                    Nikita\_m_mp3\_m_mp3.902\Debug_iRAM\Obj\lpc313x_adc10b_d #
#                    river.o" "D:\Work\audio_stretch\from                     #
#                    Nikita\_m_mp3\_m_mp3.902\Debug_iRAM\Obj\lpc313x_cgu_defa #
#                    ult.o" "D:\Work\audio_stretch\from                       #
#                    Nikita\_m_mp3\_m_mp3.902\Debug_iRAM\Obj\lpc313x_cgu_driv #
#                    er.o" "D:\Work\audio_stretch\from                        #
#                    Nikita\_m_mp3\_m_mp3.902\Debug_iRAM\Obj\lpc313x_dma_driv #
#                    er.o" "D:\Work\audio_stretch\from                        #
#                    Nikita\_m_mp3\_m_mp3.902\Debug_iRAM\Obj\lpc313x_i2s_cloc #
#                    k_driver.o" "D:\Work\audio_stretch\from                  #
#                    Nikita\_m_mp3\_m_mp3.902\Debug_iRAM\Obj\lpc313x_i2s_driv #
#                    er.o" "D:\Work\audio_stretch\from                        #
#                    Nikita\_m_mp3\_m_mp3.902\Debug_iRAM\Obj\lpc313x_intc_dri #
#                    ver.o" "D:\Work\audio_stretch\from                       #
#                    Nikita\_m_mp3\_m_mp3.902\Debug_iRAM\Obj\lpc313x_mci_driv #
#                    er.o" "D:\Work\audio_stretch\from                        #
#                    Nikita\_m_mp3\_m_mp3.902\Debug_iRAM\Obj\lpc313x_timer_dr #
#                    iver.o" "D:\Work\audio_stretch\from                      #
#                    Nikita\_m_mp3\_m_mp3.902\Debug_iRAM\Obj\lpc313x_wdt_driv #
#                    er.o" "D:\Work\audio_stretch\from                        #
#                    Nikita\_m_mp3\_m_mp3.902\Debug_iRAM\Obj\lpc31xx_vmem_dri #
#                    ver.o" "D:\Work\audio_stretch\from                       #
#                    Nikita\_m_mp3\_m_mp3.902\Debug_iRAM\Obj\lpc_arm922t_cp15 #
#                    _driver.o" "D:\Work\audio_stretch\from                   #
#                    Nikita\_m_mp3\_m_mp3.902\Debug_iRAM\Obj\lpc_io_stereo.o" #
#                     "D:\Work\audio_stretch\from                             #
#                    Nikita\_m_mp3\_m_mp3.902\Debug_iRAM\Obj\ls.o"            #
#                    "D:\Work\audio_stretch\from                              #
#                    Nikita\_m_mp3\_m_mp3.902\Debug_iRAM\Obj\main.o"          #
#                    "D:\Work\audio_stretch\from                              #
#                    Nikita\_m_mp3\_m_mp3.902\Debug_iRAM\Obj\minimad.o"       #
#                    "D:\Work\audio_stretch\from                              #
#                    Nikita\_m_mp3\_m_mp3.902\Debug_iRAM\Obj\mkfs.o"          #
#                    "D:\Work\audio_stretch\from                              #
#                    Nikita\_m_mp3\_m_mp3.902\Debug_iRAM\Obj\nand_file.o"     #
#                    "D:\Work\audio_stretch\from                              #
#                    Nikita\_m_mp3\_m_mp3.902\Debug_iRAM\Obj\nand_w.o"        #
#                    "D:\Work\audio_stretch\from                              #
#                    Nikita\_m_mp3\_m_mp3.902\Debug_iRAM\Obj\partition.o"     #
#                    "D:\Work\audio_stretch\from                              #
#                    Nikita\_m_mp3\_m_mp3.902\Debug_iRAM\Obj\plibc.o"         #
#                    "D:\Work\audio_stretch\from                              #
#                    Nikita\_m_mp3\_m_mp3.902\Debug_iRAM\Obj\spinor_bootloade #
#                    r.o" "D:\Work\audio_stretch\from                         #
#                    Nikita\_m_mp3\_m_mp3.902\Debug_iRAM\Obj\stream.o"        #
#                    "D:\Work\audio_stretch\from                              #
#                    Nikita\_m_mp3\_m_mp3.902\Debug_iRAM\Obj\synth_stereo.o"  #
#                    "D:\Work\audio_stretch\from                              #
#                    Nikita\_m_mp3\_m_mp3.902\Debug_iRAM\Obj\time.o"          #
#                    "D:\Work\audio_stretch\from                              #
#                    Nikita\_m_mp3\_m_mp3.902\Debug_iRAM\Obj\timer.o"         #
#                    "D:\Work\audio_stretch\from                              #
#                    Nikita\_m_mp3\_m_mp3.902\Debug_iRAM\Obj\ui.o"            #
#                    "D:\Work\audio_stretch\from                              #
#                    Nikita\_m_mp3\_m_mp3.902\Debug_iRAM\Obj\vectors.o"       #
#                    "D:\Work\audio_stretch\from                              #
#                    Nikita\_m_mp3\_m_mp3.902\Debug_iRAM\Obj\version.o"       #
#                    --redirect _Printf=_PrintfFull --redirect                #
#                    _Scanf=_ScanfFull -o "D:\Work\audio_stretch\from         #
#                    Nikita\_m_mp3\_m_mp3.902\Debug_iRAM\Exe\_mp3.out" --map  #
#                    "D:\Work\audio_stretch\from                              #
#                    Nikita\_m_mp3\_m_mp3.902\Debug_iRAM\List\_mp3.map"       #
#                    --config "D:\Work\audio_stretch\from                     #
#                    Nikita\_m_mp3\_m_mp3.902\config\LPC313x_iRAM.icf"        #
#                    --semihosting --entry __iar_program_start --redirect     #
#                    __write=__write_buffered --vfe                           #
#                                                                             #
#                                                                             #
###############################################################################

*******************************************************************************
*** RUNTIME MODEL ATTRIBUTES
***

CppFlavor       = *
__SystemLibrary = DLib


*******************************************************************************
*** RESERVED RANGES
***

Ranges reserved by absolute symbols:
   [0x111575d8-0x111576ff]
   [0x1300a404-0x1300a407]


*******************************************************************************
*** PLACEMENT SUMMARY
***

"A1":  place at 0x11129000 { ro section .bootheader };
"A2":  place at start of [0x11129100-0x110575c6] { block RamTop };
"P1":  place in [from 0x11129100 to 0x110575c6] {
          rw, block CSTACK, block SVC_STACK, block IRQ_STACK, block FIQ_STACK,
          block UND_STACK, block ABT_STACK, block BTLD_STACK, block HEAP };

  Section              Kind        Address     Size  Object
  -------              ----        -------     ----  ------
"A1":                                          0x80
  .bootheader          ro code  0x11129000     0x80  cstartup.o [1]
                              - 0x11129080     0x80

"A2":                                       0x1d100
  RamTop                        0x11129100  0x1d100  <Block>
    .text              ro code  0x11129100     0xb0  cstartup.o [1]
    .iar.init_table    const    0x111291b0     0x24  - Linker created -
    .rodata            const    0x111291d4   0x1228  huffman.o [1]
    .rodata            const    0x1112a3fc     0xb4  layer12.o [1]
    .rodata            const    0x1112a4b0   0x8568  layer3.o [1]
    .rodata            const    0x11132a18    0x128  lpc313x_cgu_default.o [1]
    .rodata            const    0x11132b40    0x2b0  main.o [1]
    .rodata            const    0x11132df0    0x880  synth_stereo.o [1]
    .rodata            const    0x11133670     0x18  xprintffull.o [3]
    .text              ro code  0x11133688    0x474  _aic23.o [1]
    .text              ro code  0x11133afc     0x3c  DblToU32.o [4]
    .text              ro code  0x11133b38     0xe4  drv_i2c.o [1]
    .text              ro code  0x11133c1c     0x30  S32ToDbl.o [4]
    .text              ro code  0x11133c4c     0x2c  DblCmpEq.o [4]
    .text              ro code  0x11133c78     0x1c  _crypt.o [1]
    .text              ro code  0x11133c94      0x2  _wd.o [1]
    .text              ro code  0x11133c96      0xa  xsprout.o [3]
    .text              ro code  0x11133ca0     0x60  arm926ej_cp15_drv.o [1]
    .text              ro code  0x11133d00    0x3e8  bit.o [1]
    .text              ro code  0x111340e8    0x1a8  charger.o [1]
    .text              ro code  0x11134290    0x1d0  lpc313x_adc10b_driver.o [1]
    .text              ro code  0x11134460     0x28  U32ToDbl.o [4]
    .text              ro code  0x11134488    0x38c  DblDiv.o [4]
    .text              ro code  0x11134814    0x204  DblMul.o [4]
    .text              ro code  0x11134a18     0x38  DblCmpLe.o [4]
    .text              ro code  0x11134a50     0x38  DblCmpGe.o [4]
    .text              ro code  0x11134a88    0x1d4  decoder.o [1]
    .text              ro code  0x11134c5c    0x698  frame.o [1]
    .text              ro code  0x111352f4     0xa4  stream.o [1]
    .text              ro code  0x11135398    0xdb8  synth_stereo.o [1]
    .text              ro code  0x11136150     0xd4  ABImemcpy.o [5]
    .text              ro code  0x11136224     0x14  frame.o [1]
    .text              ro code  0x11136238    0x1a8  I32DivMod.o [5]
    .text              ro code  0x111363e0     0x14  frame.o [1]
    .text              ro code  0x111363f4    0x1e0  timer.o [1]
    .text              ro code  0x111365d4      0x8  ABImemclr4.o [5]
    .text              ro code  0x111365dc    0x3b4  lpc_io_stereo.o [1]
    .text              ro code  0x11136990      0x4  IntDivZer.o [5]
    .text              ro code  0x11136994    0x650  minimad.o [1]
    .text              ro code  0x11136fe4     0x14  timer.o [1]
    .text              ro code  0x11136ff8     0x44  ABImemset48.o [5]
    .text              ro code  0x1113703c    0x720  lpc313x_cgu_driver.o [1]
    .text              ro code  0x1113775c    0x1d4  lpc313x_dma_driver.o [1]
    .text              ro code  0x11137930     0x5c  drv_booster.o [1]
    .text              ro code  0x1113798c    0x224  lpc313x_i2s_clock_driver.o [1]
    .text              ro code  0x11137bb0     0x88  lpc31xx_vmem_driver.o [1]
    .text              ro code  0x11137c38   0x2b40  main.o [1]
    .text              ro code  0x1113a778    0x4fa  keyb.o [1]
    .text              ro code  0x1113ac72     0x2e  copy_init3.o [5]
    .text              ro code  0x1113aca0     0xd4  ABImemmove.o [5]
    .text              ro code  0x1113ad74    0x52e  file.o [1]
    .text              ro code  0x1113b2a4     0xf0  lpc313x_intc_driver.o [1]
    .text              ro code  0x1113b394     0x54  strlen.o [5]
    .text              ro code  0x1113b3e8     0x98  strncpy.o [5]
    .text              ro code  0x1113b480     0x64  FltToDbl.o [4]
    .text              ro code  0x1113b4e4     0xac  DblToFlt.o [4]
    .text              ro code  0x1113b590     0x60  DblToS32.o [4]
    .text              ro code  0x1113b5f0     0x20  strchr.o [5]
    .text              ro code  0x1113b610    0x184  xstoul.o [3]
    .text              ro code  0x1113b794     0x38  sprintf.o [3]
    .text              ro code  0x1113b7cc    0x76c  ls.o [1]
    .text              ro code  0x1113bf38    0x42c  keeper.o [1]
    .text              ro code  0x1113c364    0x71c  nand_w.o [1]
    .text              ro code  0x1113ca80     0x14  drv_cgu.o [1]
    .text              ro code  0x1113ca94      0x8  _boost_tpa6011.o [1]
    .text              ro code  0x1113ca9c     0x84  efs.o [1]
    .text              ro code  0x1113cb20    0x224  lpc3131_mci_nand.o [1]
    .text              ro code  0x1113cd44     0x30  strncmp.o [3]
    .text              ro code  0x1113cd74    0x446  fs.o [1]
    .text              ro code  0x1113d1bc    0x218  lpc313x_timer_driver.o [1]
    .text              ro code  0x1113d3d4      0x8  ABImemclr.o [5]
    .text              ro code  0x1113d3dc     0xba  partition.o [1]
    .text              ro code  0x1113d496     0x4a  plibc.o [1]
    .text              ro code  0x1113d4e0    0x584  fat.o [1]
    .text              ro code  0x1113da64    0x45c  nand_file.o [1]
    .text              ro code  0x1113dec0    0x368  dir.o [1]
    .text              ro code  0x1113e228      0x4  time.o [1]
    .text              ro code  0x1113e22c     0x78  ABImemset.o [5]
    .text              ro code  0x1113e2a4     0x4c  lpc_arm922t_cp15_driver.o [1]
    .text              ro code  0x1113e2f0     0x94  memchr.o [5]
    .text              ro code  0x1113e384     0x10  errno.o [3]
    .text              ro code  0x1113e394    0xe12  xprintffull.o [3]
    .text              ro code  0x1113f1a6     0x14  memset.o [3]
    .text              ro code  0x1113f1ba      0xc  memcpy.o [3]
    .text              ro code  0x1113f1c6      0x8  abs.o [3]
    .text              ro code  0x1113f1ce     0x64  extract.o [1]
    .text              ro code  0x1113f232     0x2e  strstr.o [3]
    .text              ro code  0x1113f260    0x1f0  drv_nand.o [1]
    .text              ro code  0x1113f450    0x6e0  ioman.o [1]
    .text              ro code  0x1113fb30     0x42  disc.o [1]
    .text              ro code  0x1113fb74    0x8bc  lpc313x_mci_driver.o [1]
    .text              ro code  0x11140430     0x14  I64Mul.o [5]
    .text              ro code  0x11140444    0x184  I64DivMod.o [5]
    .text              ro code  0x111405c8      0x2  xtls.o [3]
    .text              ro code  0x111405cc     0x48  xdnorm.o [4]
    .text              ro code  0x11140614    0x128  xdscale.o [4]
    .text              ro code  0x1114073c    0x1ec  DblSub.o [4]
    .text              ro code  0x11140928     0x20  div.o [3]
    .text              ro code  0x11140948      0x4  I64DivZer.o [5]
    .text              ro code  0x1114094c    0x140  DblAdd.o [4]
    .text              ro code  0x11140a8c    0xb1c  layer12.o [1]
    .text              ro code  0x111415a8   0x25dc  layer3.o [1]
    .text              ro code  0x11143b84     0x1c  layer3.o [1]
    .text              ro code  0x11143ba0     0x14  layer3.o [1]
    .text              ro code  0x11143bb4     0x14  layer3.o [1]
    .text              ro code  0x11143bc8     0x1c  layer3.o [1]
    .text              ro code  0x11143be4     0x14  layer3.o [1]
    .text              ro code  0x11143bf8     0x14  layer3.o [1]
    .text              ro code  0x11143c0c     0x70  vectors.o [1]
    .text              ro code  0x11143c7c     0x24  cmain.o [5]
    .text              ro code  0x11143ca0      0x4  low_level_init.o [3]
    .text              ro code  0x11143ca4     0x4c  data_init3.o [5]
    .text              ro code  0x11143cf0      0x8  exit.o [3]
    .text              ro code  0x11143cf8     0x20  exit.o [6]
    .text              ro code  0x11143d18     0x10  cexit.o [5]
    .text              ro code  0x11143d28     0x58  iarttio.o [6]
    .text              ro code  0x11143d80      0x8  XShttio.o [3]
    .text              ro code  0x11143d88      0x4  xreturnswi.o [6]
    Initializer bytes  ro data  0x11143d8c   0x23cc  <for P1-1>
    .text              ro code  0x11146158     0x28  zero_init3.o [5]
    .rodata            const    0x11146180      0x0  bwt_init3c.o [5]
    CODE_END                    0x11146200      0x0  <Block>
      CODE_END         const    0x11146200      0x0  cstartup.o [1]
                              - 0x11146200  0x1d100

"P1", part 1 of 3:                           0x23d0
  P1-1                          0x11146200   0x23cc  <Init block>
    .data              inited   0x11146200      0xc  lpc3131_mci_nand.o [1]
    .data              inited   0x1114620c     0x28  lpc313x_i2s_clock_driver.o [1]
    .data              inited   0x11146234      0x8  lpc313x_i2s_clock_driver.o [1]
    .data              inited   0x1114623c      0x8  lpc313x_i2s_clock_driver.o [1]
    .data              inited   0x11146244      0x8  lpc313x_i2s_clock_driver.o [1]
    .data              inited   0x1114624c      0x8  lpc313x_i2s_clock_driver.o [1]
    .data              inited   0x11146254     0x10  lpc313x_i2s_clock_driver.o [1]
    .data              inited   0x11146264     0x24  lpc313x_i2s_clock_driver.o [1]
    .data              inited   0x11146288     0x24  lpc313x_i2s_clock_driver.o [1]
    .data              inited   0x111462ac     0x24  lpc313x_i2s_clock_driver.o [1]
    .data              inited   0x111462d0     0x24  lpc313x_i2s_clock_driver.o [1]
    .data              inited   0x111462f4     0x24  lpc313x_i2s_clock_driver.o [1]
    .data              inited   0x11146318     0x20  lpc313x_timer_driver.o [1]
    .data              inited   0x11146338     0x40  lpc31xx_vmem_driver.o [1]
    .data              inited   0x11146378      0x1  lpc_io_stereo.o [1]
    .data              inited   0x1114637c      0x4  lpc_io_stereo.o [1]
    .data              inited   0x11146380   0x1ba0  main.o [1]
    .data              inited   0x11147f20     0x7c  main.o [1]
    .data              inited   0x11147f9c    0x624  minimad.o [1]
    .data              inited   0x111485c0      0x1  minimad.o [1]
    .data              inited   0x111485c4      0x8  XShttio.o [3]
                              - 0x111485cc   0x23cc

"P1", part 2 of 3:                           0x2480
  CSTACK                        0x111485d0   0x1f40  <Block>
    CSTACK             uninit   0x111485d0   0x1f40  <Block tail>
  IRQ_STACK                     0x1114a510    0x500  <Block>
    IRQ_STACK          uninit   0x1114a510    0x500  <Block tail>
  SVC_STACK                     0x1114aa10     0x40  <Block>
    SVC_STACK          uninit   0x1114aa10     0x40  <Block tail>
  FIQ_STACK                     0x1114aa50      0x0  <Block>
  UND_STACK                     0x1114aa50      0x0  <Block>
  ABT_STACK                     0x1114aa50      0x0  <Block>
                              - 0x1114aa50   0x2480

"P1", part 3 of 3:                           0xb394
  .bss                 zero     0x1114aa50   0x347c  decoder.o [1]
  .bss                 zero     0x1114decc   0x20d4  lpc_io_stereo.o [1]
  .bss                 zero     0x1114ffa0   0x1200  layer3.o [1]
  .bss                 zero     0x111511a0   0x1018  lpc_io_stereo.o [1]
  .bss                 zero     0x111521b8   0x1000  lpc3131_mci_nand.o [1]
  .bss                 zero     0x111531b8   0x1000  nand_w.o [1]
  .bss                 zero     0x111541b8    0xa08  stream.o [1]
  .bss                 zero     0x11154bc0    0x640  nand_w.o [1]
  .bss                 zero     0x11155200    0x4b0  nand_w.o [1]
  .bss                 zero     0x111556b0    0x24c  lpc313x_mci_driver.o [1]
  .bss                 zero     0x111558fc    0x140  lpc3131_mci_nand.o [1]
  .bss                 zero     0x11155a3c    0x100  lpc313x_dma_driver.o [1]
  .bss                 zero     0x11155b3c     0x7c  keeper.o [1]
  .bss                 zero     0x11155bb8     0x78  lpc313x_intc_driver.o [1]
  .bss                 zero     0x11155c30     0x44  main.o [1]
  .bss                 zero     0x11155c74     0x38  _aic23.o [1]
  .bss                 zero     0x11155cac     0x38  main.o [1]
  .bss                 zero     0x11155ce4     0x34  nand_w.o [1]
  .bss                 zero     0x11155d18     0x20  _aic23.o [1]
  .bss                 zero     0x11155d38     0x20  lpc313x_cgu_driver.o [1]
  .bss                 zero     0x11155d58     0x1d  nand_file.o [1]
  .bss                 zero     0x11155d76      0x2  minimad.o [1]
  .bss                 zero     0x11155d78     0x1c  keyb.o [1]
  .bss                 zero     0x11155d94     0x1c  lpc313x_adc10b_driver.o [1]
  .bss                 zero     0x11155db0      0xc  lpc313x_intc_driver.o [1]
  .bss                 zero     0x11155dbc      0x8  charger.o [1]
  .bss                 zero     0x11155dc4      0x4  file.o [1]
  .bss                 zero     0x11155dc8      0x4  lpc3131_mci_nand.o [1]
  .bss                 zero     0x11155dcc      0x4  main.o [1]
  __DLIB_PERTHREAD     zero     0x11155dd0      0x4  errno.o [3]
  .bss                 zero     0x11155dd4      0x2  minimad.o [1]
  .bss                 zero     0x11155dd6      0x2  minimad.o [1]
  .bss                 zero     0x11155dd8      0x1  minimad.o [1]
  .bss                 zero     0x11155dd9      0x1  minimad.o [1]
  .bss                 zero     0x11155dda      0x1  minimad.o [1]
  .bss                 zero     0x11155ddb      0x1  minimad.o [1]
  .bss                 zero     0x11155ddc      0x1  minimad.o [1]
  .bss                 zero     0x11155ddd      0x1  minimad.o [1]
  .bss                 zero     0x11155dde      0x1  minimad.o [1]
  .bss                 zero     0x11155ddf      0x1  minimad.o [1]
  .bss                 zero     0x11155de0      0x1  minimad.o [1]
  .bss                 zero     0x11155de1      0x1  minimad.o [1]
  .bss                 zero     0x11155de2      0x1  minimad.o [1]
  .bss                 zero     0x11155de3      0x1  minimad.o [1]
                              - 0x11155de4   0xb394


*******************************************************************************
*** INIT TABLE
***

          Address     Size
          -------     ----
Zero (__iar_zero_init3)
    1 destination range, total size 0xb394:
          0x1114aa50  0xb394

Copy (__iar_copy_init3)
    1 source range, total size 0x23cc:
          0x11143d8c  0x23cc
    1 destination range, total size 0x23cc:
          0x11146200  0x23cc


*******************************************************************************
*** MODULE SUMMARY
***

    Module                      ro code  ro data  rw data
    ------                      -------  -------  -------
D:\Work\audio_stretch\from Nikita\_m_mp3\_m_mp3.902\Debug_iRAM\Obj: [1]
    _aic23.o                      1 140                88
    _boost_tpa6011.o                  8
    _crypt.o                         28
    _wd.o                             2
    arm926ej_cp15_drv.o              96
    bit.o                         1 000
    charger.o                       424                 8
    cstartup.o                      304
    decoder.o                       468            13 436
    dir.o                           872
    disc.o                           66
    drv_booster.o                    92
    drv_cgu.o                        20
    drv_i2c.o                       228
    drv_nand.o                      496
    efs.o                           132
    extract.o                       100
    fat.o                         1 412
    file.o                        1 326                 4
    frame.o                       1 728
    fs.o                          1 094
    huffman.o                              4 648
    ioman.o                       1 760
    keeper.o                      1 068               124
    keyb.o                        1 274                28
    layer12.o                     2 844      180
    layer3.o                      9 828   34 152    4 608
    lpc3131_mci_nand.o              548       12    4 432
    lpc313x_adc10b_driver.o         464                28
    lpc313x_cgu_default.o                    296
    lpc313x_cgu_driver.o          1 824                32
    lpc313x_dma_driver.o            468               256
    lpc313x_i2s_clock_driver.o      548      268      268
    lpc313x_intc_driver.o           240               132
    lpc313x_mci_driver.o          2 236               588
    lpc313x_timer_driver.o          536       32       32
    lpc31xx_vmem_driver.o           136       64       64
    lpc_arm922t_cp15_driver.o        76
    lpc_io_stereo.o                 948        8   12 529
    ls.o                          1 900
    main.o                       11 072    7 884    7 324
    minimad.o                     1 616    1 573    1 591
    nand_file.o                   1 116                29
    nand_w.o                      1 820             6 948
    partition.o                     186
    plibc.o                          74
    stream.o                        164             2 568
    synth_stereo.o                3 512    2 176
    time.o                            4
    timer.o                         500
    vectors.o                       112
    -----------------------------------------------------
    Total:                       57 910   51 293   55 117

command line: [2]
    -----------------------------------------------------
    Total:

dl5E_tln.a: [3]
    XShttio.o                         8       11        8
    abs.o                             8
    div.o                            32
    errno.o                          16                 4
    exit.o                            8
    low_level_init.o                  4
    memcpy.o                         12
    memset.o                         20
    sprintf.o                        56
    strncmp.o                        48
    strstr.o                         46
    xprintffull.o                 3 602       24
    xsprout.o                        10
    xstoul.o                        388
    xtls.o                            2
    -----------------------------------------------------
    Total:                        4 260       35       12

m5E_tl.a: [4]
    DblAdd.o                        320
    DblCmpEq.o                       44
    DblCmpGe.o                       56
    DblCmpLe.o                       56
    DblDiv.o                        908
    DblMul.o                        516
    DblSub.o                        492
    DblToFlt.o                      172
    DblToS32.o                       96
    DblToU32.o                       60
    FltToDbl.o                      100
    S32ToDbl.o                       48
    U32ToDbl.o                       40
    xdnorm.o                         72
    xdscale.o                       296
    -----------------------------------------------------
    Total:                        3 276

rt5E_al.a: [5]
    ABImemclr.o                       8
    ABImemclr4.o                      8
    ABImemcpy.o                     212
    ABImemmove.o                    212
    ABImemset.o                     120
    ABImemset48.o                    68
    I32DivMod.o                     424
    I64DivMod.o                     388
    I64DivZer.o                       4
    I64Mul.o                         20
    IntDivZer.o                       4
    bwt_init3c.o
    cexit.o                          16
    cmain.o                          36
    copy_init3.o                     46
    data_init3.o                     76
    memchr.o                        148
    strchr.o                         32
    strlen.o                         84
    strncpy.o                       152
    zero_init3.o                     40
    -----------------------------------------------------
    Total:                        2 098

shs_l.a: [6]
    exit.o                           32
    iarttio.o                        88
    xreturnswi.o                      4
    -----------------------------------------------------
    Total:                          124

    Gaps                              8               135
    Linker created                            36    9 344
---------------------------------------------------------
    Grand Total:                 67 676   51 364   64 608


*******************************************************************************
*** ENTRY LIST
***

Entry                      Address    Size  Type      Object
-----                      -------    ----  ----      ------
?cstartup               0x11129100          Code  Gb  cstartup.o [1]
?main                   0x11143c7c          Code  Gb  cmain.o [5]
ABT_STACK$$Base         0x1114aa50           --   Gb  - Linker created -
ABT_STACK$$Limit        0x1114aa50           --   Gb  - Linker created -
BEGIN_BLOCK             0x11155d08     0x4  Data  Gb  nand_w.o [1]
BadBlockListSize        0x11155dc8     0x4  Data  Gb  lpc3131_mci_nand.o [1]
BadBlocks               0x111558fc   0x140  Data  Gb  lpc3131_mci_nand.o [1]
CGU_Run_Clock           0x1113ca81    0x10  Code  Gb  drv_cgu.o [1]
CODE_END$$Base          0x11146200           --   Gb  - Linker created -
CODE_END$$Limit         0x11146200           --   Gb  - Linker created -
CP15_DCache             0x11133cdb    0x1a  Code  Gb  arm926ej_cp15_drv.o [1]
CP15_GetStatus          0x11133ca0     0x8  Code  Gb  arm926ej_cp15_drv.o [1]
CP15_ICache             0x11133cc1    0x1a  Code  Gb  arm926ej_cp15_drv.o [1]
CP15_SetMmu             0x11133ca8    0x18  Code  Gb  arm926ej_cp15_drv.o [1]
CSTACK$$Base            0x111485d0           --   Gb  - Linker created -
CSTACK$$Limit           0x1114a510           --   Gb  - Linker created -
D                       0x11132df0   0x880  Data  Lc  synth_stereo.o [1]
DecodedBuff             0x1114decc  0x20d4  Data  Lc  lpc_io_stereo.o [1]
END_BLOCK               0x11155d0c     0x4  Data  Gb  nand_w.o [1]
FIQ_STACK$$Base         0x1114aa50           --   Gb  - Linker created -
FIQ_STACK$$Limit        0x1114aa50           --   Gb  - Linker created -
GetValidBlockNumber     0x1113cc09    0x28  Code  Gb  lpc3131_mci_nand.o [1]
GetValidVBlock          0x1113c479    0x2a  Code  Gb  nand_w.o [1]
I2C1_Master_Init        0x11133b39    0x1a  Code  Gb  drv_i2c.o [1]
I2C1_Master_Transfer    0x11133b53    0xbe  Code  Gb  drv_i2c.o [1]
I2C1_STAT {Abs}         0x1300a404     0x4  Data  Wk  drv_i2c.o [1]
III_aliasreduce         0x111429b7    0x8e  Code  Lc  layer3.o [1]
III_decode              0x11143301   0x60e  Code  Lc  layer3.o [1]
III_exponents           0x11141b15    0xec  Code  Lc  layer3.o [1]
III_freqinver           0x111432a5    0x5a  Code  Lc  layer3.o [1]
III_huffdecode          0x11141c19   0x890  Code  Lc  layer3.o [1]
III_imdct_l             0x11142ea9   0x198  Code  Lc  layer3.o [1]
III_imdct_s             0x11143041   0x196  Code  Lc  layer3.o [1]
III_reorder             0x111424b1    0xe0  Code  Lc  layer3.o [1]
III_scalefactors        0x111419c9   0x13c  Code  Lc  layer3.o [1]
III_scalefactors_lsf    0x111417b1   0x214  Code  Lc  layer3.o [1]
III_sideinfo            0x111415a9   0x202  Code  Lc  layer3.o [1]
III_stereo              0x11142599   0x41e  Code  Lc  layer3.o [1]
II_samples              0x11140dad    0xb4  Code  Lc  layer12.o [1]
IRQ_STACK$$Base         0x1114a510           --   Gb  - Linker created -
IRQ_STACK$$Limit        0x1114aa10           --   Gb  - Linker created -
IfBlockBad              0x1113cb59    0x1a  Code  Gb  lpc3131_mci_nand.o [1]
InitNAND                0x1113f261    0x7e  Code  Gb  drv_nand.o [1]
LoadBadBlockList        0x1113cb21    0x38  Code  Gb  lpc3131_mci_nand.o [1]
MainData                0x111541b8   0xa08  Data  Gb  stream.o [1]
NandGetStatus           0x1113f2df    0x22  Code  Gb  drv_nand.o [1]
RamTop$$Base            0x11129100           --   Gb  - Linker created -
RamTop$$Limit           0x11146200           --   Gb  - Linker created -
Region$$Table$$Base     0x111291b0           --   Gb  - Linker created -
Region$$Table$$Limit    0x111291d4           --   Gb  - Linker created -
RenderStatus            0x111511a0     0x1  Data  Lc  lpc_io_stereo.o [1]
SB                      0x11146180          Data  Gb  bwt_init3c.o [5]
SVC_STACK$$Base         0x1114aa10           --   Gb  - Linker created -
SVC_STACK$$Limit        0x1114aa50           --   Gb  - Linker created -
SYSTEM_BLOCK            0x11155d10     0x4  Data  Gb  nand_w.o [1]
SoundImageOffset        0x11146208     0x4  Data  Gb  lpc3131_mci_nand.o [1]
SoundImageOffset_back   0x11146200     0x1  Data  Gb  lpc3131_mci_nand.o [1]
Sync                    0x1114aa50  0x347c  Data  Gb  decoder.o [1]
TMP_BLOCK               0x11155d14     0x4  Data  Gb  nand_w.o [1]
Ticks                   0x11155dcc     0x4  Data  Gb  main.o [1]
Timer1_wait_ticks       0x11137c39    0x14  Code  Gb  main.o [1]
UND_STACK$$Base         0x1114aa50           --   Gb  - Linker created -
UND_STACK$$Limit        0x1114aa50           --   Gb  - Linker created -
_ADC_res                0x11155dbc     0x2  Data  Lc  charger.o [1]
_ADC_result             0x11134177    0x12  Code  Lc  charger.o [1]
_AIC23_init             0x111336bf    0x96  Code  Gb  _aic23.o [1]
_GenldFull              0x1113eee9   0x288  Code  Lc  xprintffull.o [3]
_LdtobFull              0x1113ea25   0x4ae  Code  Lc  xprintffull.o [3]
_LitobFull              0x1113e8f5   0x12a  Code  Lc  xprintffull.o [3]
_PrintfFull             0x1113e395   0x560  Code  Gb  xprintffull.o [3]
_PutcharsFull           0x1113f171    0x32  Code  Lc  xprintffull.o [3]
_SProut                 0x11133c97     0xa  Code  Gb  xsprout.o [3]
__aeabi_cdcmpeq         0x11133c4c          Code  Gb  DblCmpEq.o [4]
__aeabi_cdcmple         0x11134a18          Code  Gb  DblCmpLe.o [4]
__aeabi_cdrcmple        0x11134a50          Code  Gb  DblCmpGe.o [4]
__aeabi_d2f             0x1113b4e4          Code  Gb  DblToFlt.o [4]
__aeabi_d2iz            0x1113b590          Code  Gb  DblToS32.o [4]
__aeabi_d2uiz           0x11133afc          Code  Gb  DblToU32.o [4]
__aeabi_dadd            0x1114094c          Code  Gb  DblAdd.o [4]
__aeabi_ddiv            0x11134488          Code  Gb  DblDiv.o [4]
__aeabi_dmul            0x11134814          Code  Gb  DblMul.o [4]
__aeabi_dsub            0x1114073c          Code  Gb  DblSub.o [4]
__aeabi_errno_addr      0x1113e385     0xa  Code  Gb  errno.o [3]
__aeabi_f2d             0x1113b480          Code  Gb  FltToDbl.o [4]
__aeabi_i2d             0x11133c1c          Code  Gb  S32ToDbl.o [4]
__aeabi_idiv            0x11136238          Code  Gb  I32DivMod.o [5]
__aeabi_idiv0           0x11136990          Code  Gb  IntDivZer.o [5]
__aeabi_idivmod         0x11136238          Code  Gb  I32DivMod.o [5]
__aeabi_ldiv0           0x11140948          Code  Gb  I64DivZer.o [5]
__aeabi_ldivmod         0x11140444          Code  Gb  I64DivMod.o [5]
__aeabi_lmul            0x11140430          Code  Gb  I64Mul.o [5]
__aeabi_memclr          0x1113d3d4          Code  Gb  ABImemclr.o [5]
__aeabi_memclr4         0x111365d4          Code  Gb  ABImemclr4.o [5]
__aeabi_memcpy          0x11136150          Code  Gb  ABImemcpy.o [5]
__aeabi_memcpy4         0x11136174          Code  Gb  ABImemcpy.o [5]
__aeabi_memcpy8         0x11136174          Code  Gb  ABImemcpy.o [5]
__aeabi_memmove         0x1113aca0          Code  Gb  ABImemmove.o [5]
__aeabi_memmove4        0x1113aca0          Code  Gb  ABImemmove.o [5]
__aeabi_memmove8        0x1113aca0          Code  Gb  ABImemmove.o [5]
__aeabi_memset          0x1113e22c          Code  Gb  ABImemset.o [5]
__aeabi_memset4         0x11136ff8          Code  Gb  ABImemset48.o [5]
__aeabi_memset8         0x11136ff8          Code  Gb  ABImemset48.o [5]
__aeabi_ui2d            0x11134460          Code  Gb  U32ToDbl.o [4]
__aeabi_uidiv           0x11136248          Code  Gb  I32DivMod.o [5]
__aeabi_uidivmod        0x11136248          Code  Gb  I32DivMod.o [5]
__aeabi_uldivmod        0x1114045c          Code  Gb  I64DivMod.o [5]
__cmain                 0x11143c7c          Code  Gb  cmain.o [5]
__dma_free_channel      0x111367bf     0xc  Code  Gb  lpc_io_stereo.o [1]
__exit                  0x11143cf8    0x20  Code  Gb  exit.o [6]
__iar_Dnorm             0x111405cd    0x48  Code  Gb  xdnorm.o [4]
__iar_Dscale            0x11140615   0x128  Code  Gb  xdscale.o [4]
__iar_Errno             0x11155dd0     0x4  Data  Gb  errno.o [3]
__iar_Memchr            0x1113e2f0          Code  Gb  memchr.o [5]
__iar_Memset            0x1113e22c          Code  Gb  ABImemset.o [5]
__iar_Memset4_word      0x11137004          Code  Gb  ABImemset48.o [5]
__iar_Memset8_word      0x11137004          Code  Gb  ABImemset48.o [5]
__iar_Memset_word       0x1113e238          Code  Gb  ABImemset.o [5]
__iar_Stoul             0x1113b73b     0xa  Code  Gb  xstoul.o [3]
__iar_Stoulx            0x1113b611   0x12a  Code  Gb  xstoul.o [3]
__iar_Strchr            0x1113b5f0          Code  Gb  strchr.o [5]
__iar_Strstr            0x1113f233    0x2e  Code  Gb  strstr.o [3]
__iar_close_ttio        0x11143d28    0x58  Code  Gb  iarttio.o [6]
__iar_copy_init3        0x1113ac73    0x2e  Code  Gb  copy_init3.o [5]
__iar_dadd              0x1114095c          Code  Gb  DblAdd.o [4]
__iar_data_init3        0x11143ca4    0x4c  Code  Gb  data_init3.o [5]
__iar_default_requirements$$_Printf<unknown>sprintf {Abs}
                        0x00000000           --   Gb  sprintf.o [3]
__iar_divu_hw_36        0x11143bc8          Code  Gb  layer3.o [1]
__iar_divu_hw_5         0x11143b84          Code  Gb  layer3.o [1]
__iar_divu_w_1000       0x111363e0          Code  Gb  frame.o [1]
__iar_divu_w_18         0x11143bf8          Code  Gb  layer3.o [1]
__iar_divu_w_3          0x11143bb4          Code  Gb  layer3.o [1]
__iar_divu_w_352800000  0x11136fe4          Code  Gb  timer.o [1]
__iar_divu_w_48         0x11136224          Code  Gb  frame.o [1]
__iar_divu_w_5          0x11143ba0          Code  Gb  layer3.o [1]
__iar_divu_w_6          0x11143be4          Code  Gb  layer3.o [1]
__iar_dlib_perthread_access
                        0x111405c9     0x2  Code  Gb  xtls.o [3]
__iar_dsub              0x1114074c          Code  Gb  DblSub.o [4]
__iar_dsubStart         0x1114076c          Code  Gb  DblSub.o [4]
__iar_lookup_ttioh      0x11143d81     0x8  Code  Gb  XShttio.o [3]
__iar_program_start     0x11129100          Code  Gb  cstartup.o [1]
__iar_provide$$_Printf<flags,floats,hex_floats,int_specials,long_longs,n_formatters,qualifiers,widths>_PrintfFull {Abs}
                        0x00000000           --   Gb  xprintffull.o [3]
__iar_return_from_swi   0x11143d88     0x4  Code  Gb  xreturnswi.o [6]
__iar_ttio_handles      0x111485c4     0x8  Data  Lc  XShttio.o [3]
__iar_zero_init3        0x11146159    0x28  Code  Gb  zero_init3.o [5]
__k                     0x11147fa6     0x1  Data  Gb  minimad.o [1]
__low_level_init        0x11143ca1     0x4  Code  Gb  low_level_init.o [3]
__n_frag                0x1113b82d    0x1a  Code  Lc  ls.o [1]
__prev_book             0x11137e31    0x2a  Code  Gb  main.o [1]
__vector                0x11143c0c          Code  Gb  vectors.o [1]
__vector_end            0x11143c44          Code  Gb  vectors.o [1]
_aic23_svolume          0x11133a7d    0x42  Code  Gb  _aic23.o [1]
_b_s_down               0x111511a3     0x1  Data  Gb  lpc_io_stereo.o [1]
_b_vol_down             0x11147fad     0x1  Data  Gb  minimad.o [1]
_b_vol_down1            0x11147fae     0x1  Data  Gb  minimad.o [1]
_backup_number          0x11137c6b    0x22  Code  Lc  main.o [1]
_begin_frag             0x1113c961   0x106  Code  Gb  nand_w.o [1]
_boost_inc              0x11155d76     0x2  Data  Gb  minimad.o [1]
_booster                0x11137931    0x12  Code  Gb  drv_booster.o [1]
_booster_mux            0x11137943    0x12  Code  Gb  drv_booster.o [1]
_booster_silence        0x11137955    0x12  Code  Gb  drv_booster.o [1]
_buff1                  0x11147f0c    0x14  Data  Gb  main.o [1]
_call_main              0x11143c8c          Code  Gb  cmain.o [5]
_check2                 0x11134189    0x70  Code  Gb  charger.o [1]
_check3                 0x111341f9    0x70  Code  Gb  charger.o [1]
_check_folder           0x111380f9    0x5a  Code  Lc  main.o [1]
_claster                0x11155d04     0x4  Data  Lc  nand_w.o [1]
_claster_list           0x11154bc0   0x640  Data  Gb  nand_w.o [1]
_clear_buff             0x111368e5          Code  Gb  lpc_io_stereo.o [1]
_clock_setup            0x1113676d    0x52  Code  Gb  lpc_io_stereo.o [1]
_close_folder           0x11137cb9    0x16  Code  Lc  main.o [1]
_curr_level             0x11137c9f    0x1a  Code  Lc  main.o [1]
_curr_param             0x11155ce4    0x1c  Data  Gb  nand_w.o [1]
_dbg1                   0x111511a1     0x1  Data  Lc  lpc_io_stereo.o [1]
_del_frag_list          0x1113c387    0x10  Code  Gb  nand_w.o [1]
_dis_irq                0x11133c84     0x8  Code  Gb  _crypt.o [1]
_en_irq                 0x11133c78     0xc  Code  Gb  _crypt.o [1]
_exit                   0x11143d18          Code  Gb  cexit.o [5]
_ext__                  0x11155b48     0xc  Data  Gb  keeper.o [1]
_fast_down              0x1113abf5    0x28  Code  Gb  keyb.o [1]
_file__                 0x11155b3c     0xc  Data  Gb  keeper.o [1]
_find_frag              0x1113834d   0x3dc  Code  Gb  main.o [1]
_folder_file            0x11138165    0x44  Code  Lc  main.o [1]
_folder_file1           0x111381b1    0x32  Code  Lc  main.o [1]
_forward_book           0x1113aadf    0x34  Code  Gb  keyb.o [1]
_forward_frag           0x1113aa75    0x34  Code  Gb  keyb.o [1]
_fpos                   0x11147f98     0x4  Data  Gb  main.o [1]
_frag_list              0x11155200   0x4b0  Data  Gb  nand_w.o [1]
_frag_list_commit       0x1113c925    0x32  Code  Gb  nand_w.o [1]
_frag_list_modify       0x1113c799   0x18c  Code  Gb  nand_w.o [1]
_frag_param             0x11155d58    0x1c  Data  Gb  nand_file.o [1]
_get_U_POWER1           0x111340eb     0xe  Code  Gb  charger.o [1]
_get_U_POWER2           0x111340f9     0xe  Code  Gb  charger.o [1]
_get_begin_block        0x1113c365    0x22  Code  Gb  nand_w.o [1]
_get_key_block          0x1113c021    0x10  Code  Gb  keeper.o [1]
_get_nbad               0x1113cb95     0x6  Code  Gb  lpc3131_mci_nand.o [1]
_get_status_bit         0x1113a937    0xa8  Code  Gb  keyb.o [1]
_header_ready           0x11155dd8     0x1  Data  Gb  minimad.o [1]
_init_bat_monitor       0x111340e9     0x2  Code  Gb  charger.o [1]
_init_boost             0x1113ca95     0x2  Code  Gb  _boost_tpa6011.o [1]
_init_boost_book        0x1113ca97     0x2  Code  Gb  _boost_tpa6011.o [1]
_init_boost_mp3         0x1113ca99     0x2  Code  Gb  _boost_tpa6011.o [1]
_init_curr_pos          0x11138865    0xae  Code  Gb  main.o [1]
_init_frag_list         0x1113c733    0x56  Code  Gb  nand_w.o [1]
_init_level_tab         0x11137c4d    0x1e  Code  Lc  main.o [1]
_init_nand_w            0x1113c4c1    0x9e  Code  Gb  nand_w.o [1]
_init_param             0x1113c4a3    0x1e  Code  Gb  nand_w.o [1]
_init_render            0x111365dd     0x2  Code  Gb  lpc_io_stereo.o [1]
_int_play               0x11138999    0x10  Code  Gb  main.o [1]
_int_rec                0x11146390     0x1  Data  Gb  main.o [1]
_iplay_id               0x11147f94     0x4  Data  Gb  main.o [1]
_k1                     0x1114637c     0x4  Data  Gb  lpc_io_stereo.o [1]
_keep_key_block         0x1113c031     0x8  Code  Gb  keeper.o [1]
_key_long_pressed       0x11155d8c     0x2  Data  Lc  keyb.o [1]
_key_press              0x11155d88     0x2  Data  Lc  keyb.o [1]
_key_pressed            0x11155d8a     0x2  Data  Lc  keyb.o [1]
_key_pressed_counter    0x11155d7c     0xc  Data  Lc  keyb.o [1]
_keyb_reset             0x1113ac55     0xc  Code  Gb  keyb.o [1]
_level_update           0x11137ccf    0x8e  Code  Lc  main.o [1]
_main                   0x11143c94          Code  Gb  cmain.o [5]
_max_counter            0x11146378     0x1  Data  Gb  lpc_io_stereo.o [1]
_mode                   0x1113aa19    0x46  Code  Gb  keyb.o [1]
_mode                   0x11155d74     0x1  Data  Lc  nand_file.o [1]
_mode_list              0x11147f86     0x1  Data  Lc  main.o [1]
_n_play                 0x11137ea1    0x82  Code  Lc  main.o [1]
_nbad                   0x11146204     0x4  Data  Lc  lpc3131_mci_nand.o [1]
_nbad_blocks            0x1113cb73    0x22  Code  Gb  lpc3131_mci_nand.o [1]
_next_book              0x11137df9    0x38  Code  Gb  main.o [1]
_nfrag                  0x11147f8c     0x2  Data  Gb  main.o [1]
_num_frag               0x111380b5    0x44  Code  Gb  main.o [1]
_options                0x1113ac1d    0x34  Code  Gb  keyb.o [1]
_p2                     0x11147f89     0x1  Data  Gb  main.o [1]
_p_ls_getNext           0x1113b847   0x164  Code  Lc  ls.o [1]
_p_ls_getPrev           0x1113b9b9   0x182  Code  Lc  ls.o [1]
_param_get              0x1113bff1    0x30  Code  Gb  keeper.o [1]
_param_put              0x1113bf39    0xb4  Code  Gb  keeper.o [1]
_patch_dot__            0x1113c123    0x40  Code  Gb  keeper.o [1]
_play_bookmark_number   0x11138009    0x42  Code  Gb  main.o [1]
_play_frag_number       0x11137f3d    0xcc  Code  Gb  main.o [1]
_play_rem               0x11137e61    0x36  Code  Gb  main.o [1]
_play_stop              0x1113a9df    0x34  Code  Gb  keyb.o [1]
_pos_frag               0x1113872d    0x5c  Code  Gb  main.o [1]
_prev_book              0x1113ab19    0x34  Code  Gb  keyb.o [1]
_prev_frag              0x1113aaad    0x32  Code  Gb  keyb.o [1]
_real_folder            0x1113c189   0x198  Code  Gb  keeper.o [1]
_rec_list               0x11147f87     0x1  Data  Gb  main.o [1]
_reset_WD               0x11133c95     0x2  Code  Gb  _wd.o [1]
_restore_page           0x1113c397    0xbc  Code  Gb  nand_w.o [1]
_root_file              0x1113891d    0x4e  Code  Gb  main.o [1]
_run                    0x1112916c          Code  Gb  cstartup.o [1]
_save_bookmark_par      0x11138789    0xd2  Code  Gb  main.o [1]
_set_curr_keys          0x1113a7e7   0x150  Code  Lc  keyb.o [1]
_set_master             0x11138971    0x28  Code  Gb  main.o [1]
_set_srate              0x11133abf    0x22  Code  Gb  _aic23.o [1]
_sleep                  0x1113ab55    0x40  Code  Gb  keyb.o [1]
_swap_id                0x11155d00     0x1  Data  Gb  nand_w.o [1]
_sys_page_commit        0x1113c6d1    0x62  Code  Gb  nand_w.o [1]
_sys_page_modify        0x1113c56d   0x164  Code  Gb  nand_w.o [1]
_tab_empty              0x11137c8d    0x12  Code  Lc  main.o [1]
_tci_loop               0x11129180          Code  Gb  cstartup.o [1]
_trim                   0x11137d5d    0x56  Code  Gb  main.o [1]
_turnon                 0x11137967    0x12  Code  Gb  drv_booster.o [1]
_uninit_boost           0x1113ca9b     0x2  Code  Gb  _boost_tpa6011.o [1]
_valid_get              0x1113c039    0xea  Code  Gb  keeper.o [1]
_var                    0x11147f88     0x1  Data  Gb  main.o [1]
_var1                   0x11155d78     0x1  Data  Gb  keyb.o [1]
_var55                  0x11147fb2     0x1  Data  Gb  minimad.o [1]
_var77                  0x11155dde     0x1  Data  Gb  minimad.o [1]
_var81                  0x11155ddf     0x1  Data  Gb  minimad.o [1]
_var90                  0x11155de0     0x1  Data  Gb  minimad.o [1]
_var92                  0x11155de1     0x1  Data  Gb  minimad.o [1]
_var95                  0x11155de2     0x1  Data  Gb  minimad.o [1]
_var96                  0x11155de3     0x1  Data  Gb  minimad.o [1]
_virt_sample            0x111381e9    0x58  Code  Lc  main.o [1]
_virt_sample_b          0x111382b9    0x6a  Code  Lc  main.o [1]
_virt_sample_back       0x11138241    0x58  Code  Gb  main.o [1]
_volume_down            0x1113abc5    0x2c  Code  Gb  keyb.o [1]
_volume_up              0x1113aba5    0x20  Code  Gb  keyb.o [1]
abort                   0x11136995     0x2  Code  Gb  minimad.o [1]
abs                     0x1113f1c7     0x8  Code  Gb  abs.o [3]
adc_close               0x11134307    0x48  Code  Gb  lpc313x_adc10b_driver.o [1]
adc_int_conv_ctr        0x11155da8     0x4  Data  Gb  lpc313x_adc10b_driver.o [1]
adc_ioctl               0x11134351    0xa0  Code  Gb  lpc313x_adc10b_driver.o [1]
adc_open                0x111342ad    0x5a  Code  Gb  lpc313x_adc10b_driver.o [1]
adc_polled_conv_ctr     0x11155dac     0x4  Data  Gb  lpc313x_adc10b_driver.o [1]
adccfg                  0x11155d94    0x10  Data  Lc  lpc313x_adc10b_driver.o [1]
adcdev                  0x11155dc0     0x4  Data  Lc  charger.o [1]
bitalloc_table          0x11141460    0x20  Data  Lc  layer12.o [1]
bitrate_table           0x11134f24   0x12c  Data  Lc  frame.o [1]
bosr_usb_divisor_table  0x11155c9c    0x10  Data  Lc  _aic23.o [1]
ca                      0x111328b0    0x20  Data  Lc  layer3.o [1]
cgu_ClkId2DomainId      0x11137089    0x94  Code  Gb  lpc313x_cgu_driver.o [1]
cgu_DomainId2bcrid      0x11137073    0x16  Code  Gb  lpc313x_cgu_driver.o [1]
cgu_bcr                 0x11137253    0x16  Code  Gb  lpc313x_cgu_driver.o [1]
cgu_clk_en_dis          0x11134291    0x1c  Code  Lc  lpc313x_adc10b_driver.o [1]
cgu_clk_en_dis          0x1113798d    0x1c  Code  Lc  lpc313x_i2s_clock_driver.o [1]
cgu_clk_en_dis          0x1113d1bd    0x1c  Code  Lc  lpc313x_timer_driver.o [1]
cgu_clk_set_exten       0x111376d1    0x5a  Code  Gb  lpc313x_cgu_driver.o [1]
cgu_clkid2esrid         0x11137059    0x1a  Code  Gb  lpc313x_cgu_driver.o [1]
cgu_fdiv_config         0x1113711d    0x80  Code  Gb  lpc313x_cgu_driver.o [1]
cgu_fdiv_num_bits       0x1113703d    0x1c  Code  Lc  lpc313x_cgu_driver.o [1]
cgu_get_clk_freq        0x11137565    0x82  Code  Gb  lpc313x_cgu_driver.o [1]
cgu_hpll_config         0x111375f1    0xb0  Code  Gb  lpc313x_cgu_driver.o [1]
cgu_init                0x11137269    0x1c  Code  Gb  lpc313x_cgu_driver.o [1]
cgu_init_clks           0x11137351   0x1c2  Code  Gb  lpc313x_cgu_driver.o [1]
cgu_init_domain_clks    0x1113719d    0xb6  Code  Gb  lpc313x_cgu_driver.o [1]
cgu_reset_all_clks      0x11137289    0xb6  Code  Gb  lpc313x_cgu_driver.o [1]
cgu_set_base_freq       0x11137513    0x3e  Code  Gb  lpc313x_cgu_driver.o [1]
cgu_soft_reset_module   0x111376a1    0x28  Code  Gb  lpc313x_cgu_driver.o [1]
clkarray                0x11146254    0x10  Data  Lc  lpc313x_i2s_clock_driver.o [1]
convdone                0x11155da4     0x4  Data  Gb  lpc313x_adc10b_driver.o [1]
cp15_force_cache_coherence
                        0x1113e2a4    0x44  Code  Gb  lpc_arm922t_cp15_driver.o [1]
cp15_get_mmu_control_reg
                        0x1113e2e8     0x8  Code  Gb  lpc_arm922t_cp15_driver.o [1]
crc_table               0x11133ee8   0x200  Data  Lc  bit.o [1]
cs                      0x11132890    0x20  Data  Lc  layer3.o [1]
dct32                   0x11135405   0x8be  Code  Lc  synth_stereo.o [1]
dctIV                   0x11142c89    0xf8  Code  Lc  layer3.o [1]
decode_header           0x11134ca1   0x198  Code  Lc  frame.o [1]
decoder_table           0x111352e8     0xc  Data  Lc  frame.o [1]
device                  0x1114638c     0x1  Data  Gb  main.o [1]
digits                  0x1113b744    0x28  Data  Lc  xstoul.o [3]
dir_addCluster          0x1113e1f1    0x38  Code  Gb  dir.o [1]
dir_createDefaultEntry  0x1113df19    0x2a  Code  Gb  dir.o [1]
dir_createDirectoryEntry
                        0x1113deed    0x2c  Code  Gb  dir.o [1]
dir_findFileinBuf       0x1113dfc3    0x5a  Code  Gb  dir.o [1]
dir_findFreeEntryinBuf  0x1113e01d    0x4c  Code  Gb  dir.o [1]
dir_findinBuf           0x1113e069    0x1e  Code  Gb  dir.o [1]
dir_findinCluster       0x1113e087    0x5e  Code  Gb  dir.o [1]
dir_findinDir           0x1113e0e5    0x54  Code  Gb  dir.o [1]
dir_findinRootArea      0x1113e139    0x62  Code  Gb  dir.o [1]
dir_getFatFileName      0x1113e1a5    0x4c  Code  Gb  dir.o [1]
dir_getFileStructure    0x1113dec1    0x2c  Code  Gb  dir.o [1]
dir_setFileSize         0x1113df71    0x24  Code  Gb  dir.o [1]
dir_setFirstCluster     0x1113df43    0x2e  Code  Gb  dir.o [1]
dir_updateDirectoryEntry
                        0x1113df95    0x2e  Code  Gb  dir.o [1]
disable_audio_render    0x11136615    0x44  Code  Gb  lpc_io_stereo.o [1]
disc_initDisc           0x1113fb31     0xe  Code  Gb  disc.o [1]
disc_loadMBR            0x1113fb3f    0x34  Code  Gb  disc.o [1]
div                     0x11140929    0x20  Code  Gb  div.o [3]
dma_alloc_channel       0x11137861    0x60  Code  Gb  lpc313x_dma_driver.o [1]
dma_buff                0x111511b8  0x1000  Data  Lc  lpc_io_stereo.o [1]
dma_callback            0x11136735    0x36  Code  Gb  lpc_io_stereo.o [1]
dma_free_channel        0x111378c1    0x4c  Code  Gb  lpc313x_dma_driver.o [1]
dma_get_base            0x11137919     0x8  Code  Gb  lpc313x_dma_driver.o [1]
dma_init                0x111377eb    0x76  Code  Gb  lpc313x_dma_driver.o [1]
dma_interrupt           0x1113775d    0x8e  Code  Gb  lpc313x_dma_driver.o [1]
dmach                   0x111511ac     0x4  Data  Lc  lpc_io_stereo.o [1]
dmadoneflag             0x111511a8     0x4  Data  Lc  lpc_io_stereo.o [1]
dmaregs                 0x111511b0     0x4  Data  Gb  lpc_io_stereo.o [1]
efile_fclose            0x1113ddc1    0xe8  Code  Gb  nand_file.o [1]
efile_fopen             0x1113dcf9    0xc2  Code  Gb  nand_file.o [1]
efile_read              0x1113da65   0x272  Code  Gb  nand_file.o [1]
efs                     0x111463e4   0xd6c  Data  Gb  main.o [1]
efs_flash               0x11147150   0xd6c  Data  Gb  main.o [1]
efs_init                0x1113ca9d    0x84  Code  Gb  efs.o [1]
enable_audio_render     0x111365df    0x36  Code  Gb  lpc_io_stereo.o [1]
error                   0x11136fe1     0x4  Code  Lc  minimad.o [1]
error_default           0x11134ac3    0x2e  Code  Lc  decoder.o [1]
ex_getPartitionField    0x1113f1f7    0x3c  Code  Gb  extract.o [1]
ex_getb16               0x1113f1cf    0x10  Code  Gb  extract.o [1]
ex_getb32               0x1113f1df    0x18  Code  Gb  extract.o [1]
exit                    0x11143cf1     0x8  Code  Gb  exit.o [3]
fastsdct                0x11142a49   0x108  Code  Lc  layer3.o [1]
fat_LogicToDiscCluster  0x1113d8d9    0x54  Code  Gb  fat.o [1]
fat_allocClusterChain   0x1113d92d   0x138  Code  Gb  fat.o [1]
fat_getNextClusterAddress
                        0x1113d521    0x94  Code  Gb  fat.o [1]
fat_getNextClusterAddressWBuf
                        0x1113d6fb    0x70  Code  Gb  fat.o [1]
fat_getNextClusterChain
                        0x1113d835    0xa4  Code  Gb  fat.o [1]
fat_getSectorAddressFatEntry
                        0x1113d4e1    0x40  Code  Gb  fat.o [1]
fat_giveEocMarker       0x1113d6d9    0x22  Code  Gb  fat.o [1]
fat_isEocMarker         0x1113d6a7    0x32  Code  Gb  fat.o [1]
fat_setNextClusterAddress
                        0x1113d5b5    0xf2  Code  Gb  fat.o [1]
fat_setNextClusterAddressWBuf
                        0x1113d76b    0xae  Code  Gb  fat.o [1]
file                    0x11146394    0x50  Data  Gb  main.o [1]
file1                   0x11147ebc    0x50  Data  Gb  main.o [1]
file_fclose             0x1113b121    0x7a  Code  Gb  file.o [1]
file_fopen              0x1113aea1   0x280  Code  Gb  file.o [1]
file_fread              0x1113ad75    0xe2  Code  Gb  file.o [1]
file_getAttr            0x1113b297     0xc  Code  Gb  file.o [1]
file_initFile           0x1113b1a9    0x2a  Code  Gb  file.o [1]
file_name               0x11155b54    0x64  Data  Lc  keeper.o [1]
file_name               0x11147f20    0x64  Data  Gb  main.o [1]
file_normalToFatName    0x1113b1d3    0x94  Code  Gb  file.o [1]
file_read               0x1113ae59    0x3a  Code  Gb  file.o [1]
file_setAttr            0x1113b27b    0x1c  Code  Gb  file.o [1]
file_validateChar       0x1113b267    0x14  Code  Gb  file.o [1]
fill_buff               0x111366f9    0x3c  Code  Gb  lpc_io_stereo.o [1]
find_rate               0x111337b3   0x108  Code  Lc  _aic23.o [1]
format_file_name        0x11137db3    0x46  Code  Gb  main.o [1]
frame_overlap_buff      0x1114ffa0  0x1200  Data  Gb  layer3.o [1]
free_bitrate            0x11134e39    0xde  Code  Lc  frame.o [1]
fs_clearCluster         0x1113d17d    0x3e  Code  Gb  fs.o [1]
fs_clusterToSector      0x1113cf81    0x26  Code  Gb  fs.o [1]
fs_countDataSectors     0x1113cec7    0x48  Code  Gb  fs.o [1]
fs_determineFatType     0x1113cf0f    0x28  Code  Gb  fs.o [1]
fs_findFile             0x1113cfd1    0xc6  Code  Gb  fs.o [1]
fs_findFirstSectorRootDir
                        0x1113cf45    0x30  Code  Gb  fs.o [1]
fs_findFreeFile         0x1113d097    0x6c  Code  Gb  fs.o [1]
fs_flushFs              0x1113d167     0xe  Code  Gb  fs.o [1]
fs_getFirstClusterRootDir
                        0x1113d13f    0x10  Code  Gb  fs.o [1]
fs_getLastCluster       0x1113d103    0x3c  Code  Gb  fs.o [1]
fs_getNextFreeCluster   0x1113cfa7    0x26  Code  Gb  fs.o [1]
fs_giveFreeClusterHint  0x1113cfcd     0x4  Code  Gb  fs.o [1]
fs_hasTimeSupport       0x1113e229     0x4  Code  Gb  time.o [1]
fs_initClusterChain     0x1113d14f    0x10  Code  Gb  fs.o [1]
fs_initCurrentDir       0x1113cf75     0xc  Code  Gb  fs.o [1]
fs_initFs               0x1113cd75    0x4a  Code  Gb  fs.o [1]
fs_isValidFat           0x1113cdbf    0x2c  Code  Gb  fs.o [1]
fs_loadVolumeId         0x1113cdeb    0x72  Code  Gb  fs.o [1]
fs_setFirstClusterInDirEntry
                        0x1113d15f     0x8  Code  Gb  fs.o [1]
fs_umount               0x1113d175     0x8  Code  Gb  fs.o [1]
fs_verifySanity         0x1113ce5d    0x6a  Code  Gb  fs.o [1]
g_card_info             0x111556b0   0x24c  Data  Lc  lpc313x_mci_driver.o [1]
g_cgu_default_clks      0x11132a18   0x128  Data  Gb  lpc313x_cgu_default.o [1]
g_cgu_driver            0x11155d38    0x20  Data  Gb  lpc313x_cgu_driver.o [1]
g_dmadrv_dat            0x11155a3c   0x100  Data  Lc  lpc313x_dma_driver.o [1]
g_intc_drv              0x11155db0     0xc  Data  Gb  lpc313x_intc_driver.o [1]
g_irq_func_ptrs         0x11155bb8    0x78  Data  Gb  lpc313x_intc_driver.o [1]
g_tmr_cfg               0x11146318    0x20  Data  Lc  lpc313x_timer_driver.o [1]
get_score               0x11133689    0x36  Code  Lc  _aic23.o [1]
hufftab0                0x1112922c     0x2  Data  Lc  huffman.o [1]
hufftab1                0x11129230    0x10  Data  Lc  huffman.o [1]
hufftab10               0x1112945c    0xcc  Data  Lc  huffman.o [1]
hufftab11               0x11129528    0xd0  Data  Lc  huffman.o [1]
hufftab12               0x111295f8    0xc0  Data  Lc  huffman.o [1]
hufftab13               0x111296b8   0x31c  Data  Lc  huffman.o [1]
hufftab15               0x111299d4   0x2f8  Data  Lc  huffman.o [1]
hufftab16               0x11129ccc   0x324  Data  Lc  huffman.o [1]
hufftab2                0x11129240    0x20  Data  Lc  huffman.o [1]
hufftab24               0x11129ff0   0x304  Data  Lc  huffman.o [1]
hufftab3                0x11129260    0x20  Data  Lc  huffman.o [1]
hufftab5                0x11129280    0x34  Data  Lc  huffman.o [1]
hufftab6                0x111292b4    0x38  Data  Lc  huffman.o [1]
hufftab7                0x111292ec    0x80  Data  Lc  huffman.o [1]
hufftab8                0x1112936c    0x84  Data  Lc  huffman.o [1]
hufftab9                0x111293f0    0x6c  Data  Lc  huffman.o [1]
hufftabA                0x111291d4    0x38  Data  Lc  huffman.o [1]
hufftabB                0x1112920c    0x20  Data  Lc  huffman.o [1]
i2s_clk_state           0x1114620c    0x10  Data  Lc  lpc313x_i2s_clock_driver.o [1]
if_initInterface        0x1113cb9b    0x6e  Code  Gb  lpc3131_mci_nand.o [1]
if_readBuf              0x1113cc31    0x1c  Code  Gb  lpc3131_mci_nand.o [1]
if_writeBuf             0x1113cc4d    0x16  Code  Gb  lpc3131_mci_nand.o [1]
imdct36                 0x11142d81    0xde  Code  Lc  layer3.o [1]
imdct_s                 0x111328d0    0x90  Data  Lc  layer3.o [1]
init_IO                 0x11136941     0x8  Code  Gb  lpc_io_stereo.o [1]
init_timer              0x111367cb    0x8a  Code  Gb  lpc_io_stereo.o [1]
input                   0x111369e9   0x5b8  Code  Lc  minimad.o [1]
int_disable             0x1113b35d    0x12  Code  Gb  lpc313x_intc_driver.o [1]
int_enable              0x1113b34b    0x12  Code  Gb  lpc313x_intc_driver.o [1]
int_initialize          0x1113b2e9    0x4e  Code  Gb  lpc313x_intc_driver.o [1]
int_install_irq_handler
                        0x1113b339    0x12  Code  Gb  lpc313x_intc_driver.o [1]
int_write_arm_vec_table
                        0x1113b2a5    0x44  Code  Lc  lpc313x_intc_driver.o [1]
ioman_decUseCnt         0x1113f533    0x12  Code  Gb  ioman.o [1]
ioman_directSectorRead  0x1113facf    0x62  Code  Gb  ioman.o [1]
ioman_findFreeSpot      0x1113f709    0x2c  Code  Gb  ioman.o [1]
ioman_findOverallocableSpot
                        0x1113f7c9    0x7c  Code  Gb  ioman.o [1]
ioman_findSectorInCache
                        0x1113f6cf    0x3a  Code  Gb  ioman.o [1]
ioman_findUnusedSpot    0x1113f735    0x94  Code  Gb  ioman.o [1]
ioman_flushRange        0x1113f8e9    0x6e  Code  Gb  ioman.o [1]
ioman_flushSector       0x1113f88d    0x5c  Code  Gb  ioman.o [1]
ioman_getAttr           0x1113f4f5    0x1c  Code  Gb  ioman.o [1]
ioman_getBp             0x1113f63d    0x2c  Code  Gb  ioman.o [1]
ioman_getPtr            0x1113f62d    0x10  Code  Gb  ioman.o [1]
ioman_getRefCnt         0x1113f545    0x10  Code  Gb  ioman.o [1]
ioman_getSector         0x1113f957   0x116  Code  Gb  ioman.o [1]
ioman_getUseCnt         0x1113f511    0x10  Code  Gb  ioman.o [1]
ioman_incRefCnt         0x1113f55d    0x10  Code  Gb  ioman.o [1]
ioman_incUseCnt         0x1113f521    0x12  Code  Gb  ioman.o [1]
ioman_init              0x1113f451    0x1a  Code  Gb  ioman.o [1]
ioman_pop               0x1113f585    0x54  Code  Gb  ioman.o [1]
ioman_push              0x1113f5d9    0x54  Code  Gb  ioman.o [1]
ioman_putSectorInCache  0x1113f845    0x48  Code  Gb  ioman.o [1]
ioman_readSector        0x1113f669    0x22  Code  Gb  ioman.o [1]
ioman_releaseSector     0x1113fa6d    0x62  Code  Gb  ioman.o [1]
ioman_reset             0x1113f46b    0x64  Code  Gb  ioman.o [1]
ioman_resetCacheItem    0x1113f6ad    0x22  Code  Gb  ioman.o [1]
ioman_setAttr           0x1113f4cf    0x26  Code  Gb  ioman.o [1]
ioman_writeSector       0x1113f68b    0x22  Code  Gb  ioman.o [1]
isTmpblock              0x1113c453    0x26  Code  Gb  nand_w.o [1]
is_lsf_table            0x1113297c    0x78  Data  Lc  layer3.o [1]
is_table                0x11132960    0x1c  Data  Lc  layer3.o [1]
keyb_Init               0x1113a78d    0x5a  Code  Gb  keyb.o [1]
linear_table            0x11140e60    0x38  Data  Lc  layer12.o [1]
list                    0x11155cac    0x38  Data  Gb  main.o [1]
lpc313x_ch_clk_disen    0x11137a89    0x22  Code  Lc  lpc313x_i2s_clock_driver.o [1]
lpc313x_chan_clk_enable
                        0x11137ba9     0x8  Code  Gb  lpc313x_i2s_clock_driver.o [1]
lpc313x_main_clk_rate   0x11137ba1     0x8  Code  Gb  lpc313x_i2s_clock_driver.o [1]
lpc313x_reset_vector    0x11143c0c          Code  Gb  vectors.o [1]
lpc313x_set_ch_freq     0x11137aab    0xb4  Code  Lc  lpc313x_i2s_clock_driver.o [1]
lpc313x_set_codec_freq  0x111379a9    0xe0  Code  Lc  lpc313x_i2s_clock_driver.o [1]
lpc313x_set_fsmult_rate
                        0x11137b5f    0x32  Code  Gb  lpc313x_i2s_clock_driver.o [1]
lpc31xx_get_mem_region  0x11137bb0    0x44  Code  Lc  lpc31xx_vmem_driver.o [1]
lpc31xx_mem_regions     0x11146338    0x40  Data  Lc  lpc31xx_vmem_driver.o [1]
lpc31xx_va_to_pa        0x11137bf4    0x2c  Code  Gb  lpc31xx_vmem_driver.o [1]
ls_fileEntryToDirListEntry
                        0x1113bf0b    0x2e  Code  Gb  ls.o [1]
ls_getDirEntry          0x1113b80f    0x1e  Code  Gb  ls.o [1]
ls_getNext              0x1113bc5d   0x1c6  Code  Gb  ls.o [1]
ls_getPrev              0x1113bb3b   0x116  Code  Gb  ls.o [1]
ls_getRealDirEntry      0x1113be2d    0x6c  Code  Gb  ls.o [1]
ls_getRootAreaEntry     0x1113be99    0x52  Code  Gb  ls.o [1]
ls_isValidFileEntry     0x1113beeb    0x20  Code  Gb  ls.o [1]
ls_openDir              0x1113b7cd    0x42  Code  Gb  ls.o [1]
m_env                   0x1114638e     0x1  Data  Gb  main.o [1]
m_env1                  0x11147f9c     0x1  Data  Gb  minimad.o [1]
m_env10                 0x11147fa3     0x1  Data  Gb  minimad.o [1]
m_env100                0x11147fb3     0x1  Data  Gb  minimad.o [1]
m_env11                 0x11147fa4     0x1  Data  Gb  minimad.o [1]
m_env12                 0x11147fa5     0x1  Data  Gb  minimad.o [1]
m_env17_                0x1114638d     0x1  Data  Gb  main.o [1]
m_env19_                0x11147fa7     0x1  Data  Gb  minimad.o [1]
m_env2                  0x11147f9d     0x1  Data  Gb  minimad.o [1]
m_env20_                0x11147fa8     0x1  Data  Gb  minimad.o [1]
m_env21_                0x11147fa9     0x1  Data  Gb  minimad.o [1]
m_env22_                0x11147faa     0x1  Data  Gb  minimad.o [1]
m_env23_                0x11147fab     0x1  Data  Gb  minimad.o [1]
m_env24_                0x11147fac     0x1  Data  Gb  minimad.o [1]
m_env25_                0x11155dd9     0x1  Data  Gb  minimad.o [1]
m_env26_                0x11147faf     0x1  Data  Gb  minimad.o [1]
m_env27_                0x11147fb0     0x1  Data  Gb  minimad.o [1]
m_env27___              0x11147fb1     0x1  Data  Gb  minimad.o [1]
m_env28_                0x11155dda     0x1  Data  Gb  minimad.o [1]
m_env29_                0x11155ddb     0x1  Data  Gb  minimad.o [1]
m_env3                  0x11147f9e     0x1  Data  Gb  minimad.o [1]
m_env31_                0x11155ddc     0x1  Data  Gb  minimad.o [1]
m_env32_                0x11155dd4     0x2  Data  Gb  minimad.o [1]
m_env32__               0x11155dd6     0x2  Data  Gb  minimad.o [1]
m_env33                 0x11155ddd     0x1  Data  Gb  minimad.o [1]
m_env4                  0x11147f9f     0x1  Data  Gb  minimad.o [1]
m_env5                  0x1114638f     0x1  Data  Gb  main.o [1]
m_env6                  0x11147fa0     0x1  Data  Gb  minimad.o [1]
m_env7                  0x11147fa1     0x1  Data  Gb  minimad.o [1]
m_env8                  0x111485c0     0x1  Data  Gb  minimad.o [1]
m_env9                  0x11147fa2     0x1  Data  Gb  minimad.o [1]
m_mode                  0x11147f84     0x1  Data  Gb  main.o [1]
m_mylock                0x11146391     0x1  Data  Gb  main.o [1]
m_place {Abs}           0x111575d8   0x128  Data  Wk  main.o [1]
m_place_back            0x11155c30    0x44  Data  Gb  main.o [1]
m_sleep                 0x11146380     0xc  Data  Gb  main.o [1]
m_time_play             0x11147fbc     0x4  Data  Gb  minimad.o [1]
m_wait_stop             0x11147f85     0x1  Data  Gb  main.o [1]
m_ws_counter            0x11147f90     0x4  Data  Gb  main.o [1]
mad_bit_crc             0x11133e05    0xde  Code  Gb  bit.o [1]
mad_bit_init            0x11133d01     0xc  Code  Gb  bit.o [1]
mad_bit_length          0x11133d0d    0x16  Code  Gb  bit.o [1]
mad_bit_nextbyte        0x11133d23     0xe  Code  Gb  bit.o [1]
mad_bit_read            0x11133d5b    0xaa  Code  Gb  bit.o [1]
mad_bit_skip            0x11133d31    0x2a  Code  Gb  bit.o [1]
mad_decoder_finish      0x11134abf     0x4  Code  Gb  decoder.o [1]
mad_decoder_init        0x11134a89    0x36  Code  Gb  decoder.o [1]
mad_decoder_run         0x11134c1f    0x26  Code  Gb  decoder.o [1]
mad_frame_decode        0x11135209    0x82  Code  Gb  frame.o [1]
mad_frame_finish        0x11134c8f    0x10  Code  Gb  frame.o [1]
mad_frame_init          0x11134c5d    0x32  Code  Gb  frame.o [1]
mad_frame_mute          0x1113528b    0x52  Code  Gb  frame.o [1]
mad_header_decode       0x1113505d   0x1a6  Code  Gb  frame.o [1]
mad_huff_pair_table     0x1112a2fc   0x100  Data  Gb  huffman.o [1]
mad_huff_quad_table     0x1112a2f4     0x8  Data  Gb  huffman.o [1]
mad_layer_I             0x11140a8d   0x312  Code  Gb  layer12.o [1]
mad_layer_II            0x11140e99   0x4bc  Code  Gb  layer12.o [1]
mad_layer_III           0x11143915   0x246  Code  Gb  layer3.o [1]
mad_stream_buffer       0x11135337    0x1c  Code  Gb  stream.o [1]
mad_stream_finish       0x1113532b     0xc  Code  Gb  stream.o [1]
mad_stream_init         0x111352f5    0x36  Code  Gb  stream.o [1]
mad_stream_sync         0x11135353    0x46  Code  Gb  stream.o [1]
mad_synth_frame         0x111360cf    0x7a  Code  Gb  synth_stereo.o [1]
mad_synth_init          0x11135399    0x1a  Code  Gb  synth_stereo.o [1]
mad_synth_mute          0x111353b3    0x50  Code  Gb  synth_stereo.o [1]
mad_timer_set           0x111364b3    0xd8  Code  Gb  timer.o [1]
mad_timer_zero          0x111365cc     0x8  Data  Gb  timer.o [1]
main                    0x111389dd  0x1d60  Code  Gb  main.o [1]
mci_acquire             0x1113ffed   0x20c  Code  Gb  lpc313x_mci_driver.o [1]
mci_execute_command     0x1113fe09   0x1ae  Code  Gb  lpc313x_mci_driver.o [1]
mci_open                0x111401fd    0x6c  Code  Gb  lpc313x_mci_driver.o [1]
mci_read_blocks         0x11140279    0x7a  Code  Gb  lpc313x_mci_driver.o [1]
mci_wait                0x111403a9    0x44  Code  Gb  lpc313x_mci_driver.o [1]
mci_write_blocks        0x11140305    0xa0  Code  Gb  lpc313x_mci_driver.o [1]
memClr                  0x1113d4cf    0x12  Code  Gb  plibc.o [1]
memCpy                  0x1113d4b7    0x18  Code  Gb  plibc.o [1]
memchr                  0x1113e2f0          Code  Gb  memchr.o [5]
memcpy                  0x1113f1bb     0xc  Code  Gb  memcpy.o [3]
memset                  0x1113f1a7    0x14  Code  Gb  memset.o [3]
mp3_file                0x11147fb8     0x4  Data  Lc  minimad.o [1]
mp3_play                0x11136997    0x40  Code  Gb  minimad.o [1]
mp3_stream_buf          0x11147fc0   0x600  Data  Lc  minimad.o [1]
nand_EraseBlock         0x1113f301    0x2e  Code  Gb  drv_nand.o [1]
nand_ReadPage           0x1113f3dd    0x64  Code  Gb  drv_nand.o [1]
nand_SetAddress         0x1113f33d    0x2e  Code  Gb  drv_nand.o [1]
nand_WritePage          0x1113f36b    0x62  Code  Gb  drv_nand.o [1]
nand_readSector         0x1113ccb3    0x7c  Code  Gb  lpc3131_mci_nand.o [1]
ndigs                   0x1113b76c    0x28  Data  Lc  xstoul.o [3]
nsfb_table              0x1112a4d0    0x48  Data  Lc  layer3.o [1]
offset_table            0x11141480    0x5c  Data  Lc  layer12.o [1]
output                  0x11136fdd     0x4  Code  Lc  minimad.o [1]
page                    0x111531b8  0x1000  Data  Gb  nand_w.o [1]
page0                   0x111521b8  0x1000  Data  Gb  lpc3131_mci_nand.o [1]
part_directSectorRead   0x1113d47f    0x18  Code  Gb  partition.o [1]
part_flushPart          0x1113d45b    0x24  Code  Gb  partition.o [1]
part_getRealLBA         0x1113d427    0x10  Code  Gb  partition.o [1]
part_getSect            0x1113d437    0x18  Code  Gb  partition.o [1]
part_initPartition      0x1113d3dd    0x26  Code  Gb  partition.o [1]
part_isFatPart          0x1113d403    0x24  Code  Gb  partition.o [1]
part_relSect            0x1113d44f     0xc  Code  Gb  partition.o [1]
pllsetup_32K_1024       0x111462f4    0x24  Data  Lc  lpc313x_i2s_clock_driver.o [1]
pllsetup_44_1K_1024     0x111462ac    0x24  Data  Lc  lpc313x_i2s_clock_driver.o [1]
pllsetup_44_1K_768      0x111462d0    0x24  Data  Lc  lpc313x_i2s_clock_driver.o [1]
pllsetup_48K_1024       0x11146264    0x24  Data  Lc  lpc313x_i2s_clock_driver.o [1]
pllsetup_48K_768        0x11146288    0x24  Data  Lc  lpc313x_i2s_clock_driver.o [1]
poll_adc                0x111343f1    0x5c  Code  Gb  lpc313x_adc10b_driver.o [1]
ppll_list               0x1114621c    0x18  Data  Lc  lpc313x_i2s_clock_driver.o [1]
pretab                  0x11141c00    0x18  Data  Lc  layer3.o [1]
program_adc             0x11134107    0x70  Code  Lc  charger.o [1]
prv_card_acquired       0x1113fb75     0xe  Code  Lc  lpc313x_mci_driver.o [1]
prv_get_bits            0x1113fb83    0x38  Code  Lc  lpc313x_mci_driver.o [1]
prv_process_csd         0x1113fc87    0xe0  Code  Lc  lpc313x_mci_driver.o [1]
prv_pull_data           0x1113fc19    0x2a  Code  Lc  lpc313x_mci_driver.o [1]
prv_pull_response       0x1113fc05    0x14  Code  Lc  lpc313x_mci_driver.o [1]
prv_send_cmd            0x1113fbbb    0x4a  Code  Lc  lpc313x_mci_driver.o [1]
prv_set_trans_state     0x1113fd67    0x74  Code  Lc  lpc313x_mci_driver.o [1]
prv_wait_for_completion
                        0x1113fc43    0x44  Code  Lc  lpc313x_mci_driver.o [1]
qc_table                0x111414dc    0xcc  Data  Lc  layer12.o [1]
r                       0x11155dc4     0x4  Data  Gb  file.o [1]
render_sample_block     0x1113667d    0x7c  Code  Gb  lpc_io_stereo.o [1]
root_table              0x11132874    0x1c  Data  Lc  layer3.o [1]
rq_table                0x1112a838  0x803c  Data  Lc  layer3.o [1]
run_sync                0x11134af1   0x12e  Code  Lc  decoder.o [1]
rx0clks                 0x11146234     0x8  Data  Lc  lpc313x_i2s_clock_driver.o [1]
rx1clks                 0x11146244     0x8  Data  Lc  lpc313x_i2s_clock_driver.o [1]
samplerate_table        0x11135050     0xc  Data  Lc  frame.o [1]
sbquant_table           0x1112a3fc    0xb4  Data  Lc  layer12.o [1]
scale_rational          0x111363f5    0xbe  Code  Lc  timer.o [1]
sd_readSector           0x1113cc63    0x28  Code  Gb  lpc3131_mci_nand.o [1]
sd_writeSector          0x1113cc8b    0x28  Code  Gb  lpc3131_mci_nand.o [1]
sdctII                  0x11142b55   0x10c  Code  Lc  layer3.o [1]
set_dac_sample_rate     0x11136859    0x8a  Code  Gb  lpc_io_stereo.o [1]
set_sample_rate_control
                        0x111338bb    0x20  Code  Lc  _aic23.o [1]
sf_table                0x11141360   0x100  Data  Lc  layer12.o [1]
sfb_16000_mixed         0x1112a740    0x24  Data  Lc  layer3.o [1]
sfb_16000_short         0x1112a6d0    0x28  Data  Lc  layer3.o [1]
sfb_22050_long          0x1112a668    0x18  Data  Lc  layer3.o [1]
sfb_22050_mixed         0x1112a71c    0x24  Data  Lc  layer3.o [1]
sfb_22050_short         0x1112a6a8    0x28  Data  Lc  layer3.o [1]
sfb_24000_long          0x1112a650    0x18  Data  Lc  layer3.o [1]
sfb_24000_mixed         0x1112a6f8    0x24  Data  Lc  layer3.o [1]
sfb_24000_short         0x1112a680    0x28  Data  Lc  layer3.o [1]
sfb_32000_long          0x1112a548    0x18  Data  Lc  layer3.o [1]
sfb_32000_mixed         0x1112a628    0x28  Data  Lc  layer3.o [1]
sfb_32000_short         0x1112a5b0    0x28  Data  Lc  layer3.o [1]
sfb_44100_long          0x1112a530    0x18  Data  Lc  layer3.o [1]
sfb_44100_mixed         0x1112a600    0x28  Data  Lc  layer3.o [1]
sfb_44100_short         0x1112a588    0x28  Data  Lc  layer3.o [1]
sfb_48000_long          0x1112a518    0x18  Data  Lc  layer3.o [1]
sfb_48000_mixed         0x1112a5d8    0x28  Data  Lc  layer3.o [1]
sfb_48000_short         0x1112a560    0x28  Data  Lc  layer3.o [1]
sfb_8000_long           0x1112a764    0x18  Data  Lc  layer3.o [1]
sfb_8000_mixed          0x1112a7a4    0x28  Data  Lc  layer3.o [1]
sfb_8000_short          0x1112a77c    0x28  Data  Lc  layer3.o [1]
sfbwidth_table          0x1112a7cc    0x6c  Data  Lc  layer3.o [1]
sflen_table             0x1112a4b0    0x20  Data  Lc  layer3.o [1]
sprintf                 0x1113b795    0x38  Code  Gb  sprintf.o [3]
sr_adc_mult_table       0x11155c74    0x10  Data  Lc  _aic23.o [1]
sr_dac_mult_table       0x11155c84    0x10  Data  Lc  _aic23.o [1]
sr_valid_mask           0x11155c94     0x8  Data  Lc  _aic23.o [1]
strMatch                0x1113d497    0x20  Code  Gb  plibc.o [1]
strchr                  0x1113b5f0          Code  Gb  strchr.o [5]
strlen                  0x1113b394          Code  Gb  strlen.o [5]
strncmp                 0x1113cd45    0x30  Code  Gb  strncmp.o [3]
strncpy                 0x1113b3e8          Code  Gb  strncpy.o [5]
synth_full              0x11135ccd   0x3fa  Code  Lc  synth_stereo.o [1]
synth_half              0x111360cd     0x2  Code  Lc  synth_stereo.o [1]
timer0_user_interrupt   0x1113a779    0x14  Code  Lc  keyb.o [1]
timer0dev               0x11155d90     0x4  Data  Lc  keyb.o [1]
timer_ioctl             0x1113d2bd   0x118  Code  Gb  lpc313x_timer_driver.o [1]
timer_open              0x1113d259    0x3a  Code  Gb  lpc313x_timer_driver.o [1]
timer_ptr_to_timer_num  0x1113d1d9    0x2e  Code  Gb  lpc313x_timer_driver.o [1]
timer_usec_to_val       0x1113d207    0x52  Code  Gb  lpc313x_timer_driver.o [1]
tlv320aic23_probe       0x11133901   0x178  Code  Gb  _aic23.o [1]
tlv320aic23_read_reg_cache
                        0x11133755    0x10  Code  Lc  _aic23.o [1]
tlv320aic23_reg         0x11155d18    0x20  Data  Lc  _aic23.o [1]
tlv320aic23_write       0x11133765    0x4e  Code  Lc  _aic23.o [1]
tx0clks                 0x1114623c     0x8  Data  Lc  lpc313x_i2s_clock_driver.o [1]
tx1clks                 0x1114624c     0x8  Data  Lc  lpc313x_i2s_clock_driver.o [1]
vec_abort_handler       0x11143c1c          Code  Gb  vectors.o [1]
vec_fiq_handler         0x11143c44          Code  Gb  vectors.o [1]
vec_prefetch_handler    0x11143c18          Code  Gb  vectors.o [1]
vec_undefined_handler   0x11143c10          Code  Gb  vectors.o [1]
wait_end_of_excerpt     0x11136659    0x24  Code  Gb  lpc_io_stereo.o [1]
window_l                0x111431e4    0x90  Data  Lc  layer3.o [1]
window_s                0x11143274    0x30  Data  Lc  layer3.o [1]


[1] = D:\Work\audio_stretch\from Nikita\_m_mp3\_m_mp3.902\Debug_iRAM\Obj
[2] = command line
[3] = dl5E_tln.a
[4] = m5E_tl.a
[5] = rt5E_al.a
[6] = shs_l.a

  67 676 bytes of readonly  code memory
  51 364 bytes of readonly  data memory
  64 608 bytes of readwrite data memory

Errors: none
Warnings: none
