###############################################################################
#                                                                             #
# IAR ELF Linker V6.21.1.52794/W32 for ARM              24/Apr/2012  21:32:18 #
# Copyright 2007-2011 IAR Systems AB.                                         #
#                                                                             #
#    Output file  =  D:\_designer\_4__08_01_2012\_new1\_codes\_modules\_m_lkf #
#                    \Debug_iRAM\Exe\AudioDevice.out                          #
#    Map file     =  D:\_designer\_4__08_01_2012\_new1\_codes\_modules\_m_lkf #
#                    \Debug_iRAM\List\AudioDevice.map                         #
#    Command line =  D:\_designer\_4__08_01_2012\_new1\_codes\_modules\_m_lkf #
#                    \Debug_iRAM\Obj\FIFOSampleBuffer.o                       #
#                    D:\_designer\_4__08_01_2012\_new1\_codes\_modules\_m_lkf #
#                    \Debug_iRAM\Obj\RunParameters.o                          #
#                    D:\_designer\_4__08_01_2012\_new1\_codes\_modules\_m_lkf #
#                    \Debug_iRAM\Obj\Sin_Table.o                              #
#                    D:\_designer\_4__08_01_2012\_new1\_codes\_modules\_m_lkf #
#                    \Debug_iRAM\Obj\SoundTouch.o                             #
#                    D:\_designer\_4__08_01_2012\_new1\_codes\_modules\_m_lkf #
#                    \Debug_iRAM\Obj\TDStretch.o                              #
#                    D:\_designer\_4__08_01_2012\_new1\_codes\_modules\_m_lkf #
#                    \Debug_iRAM\Obj\WavFile.o D:\_designer\_4__08_01_2012\_n #
#                    ew1\_codes\_modules\_m_lkf\Debug_iRAM\Obj\_aic23.o       #
#                    D:\_designer\_4__08_01_2012\_new1\_codes\_modules\_m_lkf #
#                    \Debug_iRAM\Obj\_boost_tpa6011.o                         #
#                    D:\_designer\_4__08_01_2012\_new1\_codes\_modules\_m_lkf #
#                    \Debug_iRAM\Obj\_crypt.o D:\_designer\_4__08_01_2012\_ne #
#                    w1\_codes\_modules\_m_lkf\Debug_iRAM\Obj\_stretch.o      #
#                    D:\_designer\_4__08_01_2012\_new1\_codes\_modules\_m_lkf #
#                    \Debug_iRAM\Obj\_wd.o D:\_designer\_4__08_01_2012\_new1\ #
#                    _codes\_modules\_m_lkf\Debug_iRAM\Obj\arm926ej_cp15_drv. #
#                    o D:\_designer\_4__08_01_2012\_new1\_codes\_modules\_m_l #
#                    kf\Debug_iRAM\Obj\bit.o D:\_designer\_4__08_01_2012\_new #
#                    1\_codes\_modules\_m_lkf\Debug_iRAM\Obj\charger.o        #
#                    D:\_designer\_4__08_01_2012\_new1\_codes\_modules\_m_lkf #
#                    \Debug_iRAM\Obj\cstartup.o D:\_designer\_4__08_01_2012\_ #
#                    new1\_codes\_modules\_m_lkf\Debug_iRAM\Obj\debug.o       #
#                    D:\_designer\_4__08_01_2012\_new1\_codes\_modules\_m_lkf #
#                    \Debug_iRAM\Obj\decoder.o D:\_designer\_4__08_01_2012\_n #
#                    ew1\_codes\_modules\_m_lkf\Debug_iRAM\Obj\dir.o          #
#                    D:\_designer\_4__08_01_2012\_new1\_codes\_modules\_m_lkf #
#                    \Debug_iRAM\Obj\disc.o D:\_designer\_4__08_01_2012\_new1 #
#                    \_codes\_modules\_m_lkf\Debug_iRAM\Obj\drv_booster.o     #
#                    D:\_designer\_4__08_01_2012\_new1\_codes\_modules\_m_lkf #
#                    \Debug_iRAM\Obj\drv_cgu.o D:\_designer\_4__08_01_2012\_n #
#                    ew1\_codes\_modules\_m_lkf\Debug_iRAM\Obj\drv_i2c.o      #
#                    D:\_designer\_4__08_01_2012\_new1\_codes\_modules\_m_lkf #
#                    \Debug_iRAM\Obj\drv_intc.o D:\_designer\_4__08_01_2012\_ #
#                    new1\_codes\_modules\_m_lkf\Debug_iRAM\Obj\drv_nand.o    #
#                    D:\_designer\_4__08_01_2012\_new1\_codes\_modules\_m_lkf #
#                    \Debug_iRAM\Obj\drv_spi.o D:\_designer\_4__08_01_2012\_n #
#                    ew1\_codes\_modules\_m_lkf\Debug_iRAM\Obj\drv_spinor.o   #
#                    D:\_designer\_4__08_01_2012\_new1\_codes\_modules\_m_lkf #
#                    \Debug_iRAM\Obj\efs.o D:\_designer\_4__08_01_2012\_new1\ #
#                    _codes\_modules\_m_lkf\Debug_iRAM\Obj\extract.o          #
#                    D:\_designer\_4__08_01_2012\_new1\_codes\_modules\_m_lkf #
#                    \Debug_iRAM\Obj\fat.o D:\_designer\_4__08_01_2012\_new1\ #
#                    _codes\_modules\_m_lkf\Debug_iRAM\Obj\file.o             #
#                    D:\_designer\_4__08_01_2012\_new1\_codes\_modules\_m_lkf #
#                    \Debug_iRAM\Obj\fixed.o D:\_designer\_4__08_01_2012\_new #
#                    1\_codes\_modules\_m_lkf\Debug_iRAM\Obj\frame.o          #
#                    D:\_designer\_4__08_01_2012\_new1\_codes\_modules\_m_lkf #
#                    \Debug_iRAM\Obj\fs.o D:\_designer\_4__08_01_2012\_new1\_ #
#                    codes\_modules\_m_lkf\Debug_iRAM\Obj\huffman.o           #
#                    D:\_designer\_4__08_01_2012\_new1\_codes\_modules\_m_lkf #
#                    \Debug_iRAM\Obj\ioman.o D:\_designer\_4__08_01_2012\_new #
#                    1\_codes\_modules\_m_lkf\Debug_iRAM\Obj\keeper.o         #
#                    D:\_designer\_4__08_01_2012\_new1\_codes\_modules\_m_lkf #
#                    \Debug_iRAM\Obj\keyb.o D:\_designer\_4__08_01_2012\_new1 #
#                    \_codes\_modules\_m_lkf\Debug_iRAM\Obj\layer12.o         #
#                    D:\_designer\_4__08_01_2012\_new1\_codes\_modules\_m_lkf #
#                    \Debug_iRAM\Obj\layer3.o D:\_designer\_4__08_01_2012\_ne #
#                    w1\_codes\_modules\_m_lkf\Debug_iRAM\Obj\lpc3131_mci_nan #
#                    d.o D:\_designer\_4__08_01_2012\_new1\_codes\_modules\_m #
#                    _lkf\Debug_iRAM\Obj\lpc313x_cgu_default.o                #
#                    D:\_designer\_4__08_01_2012\_new1\_codes\_modules\_m_lkf #
#                    \Debug_iRAM\Obj\lpc313x_cgu_driver.o                     #
#                    D:\_designer\_4__08_01_2012\_new1\_codes\_modules\_m_lkf #
#                    \Debug_iRAM\Obj\lpc313x_dma_driver.o                     #
#                    D:\_designer\_4__08_01_2012\_new1\_codes\_modules\_m_lkf #
#                    \Debug_iRAM\Obj\lpc313x_i2s_clock_driver.o               #
#                    D:\_designer\_4__08_01_2012\_new1\_codes\_modules\_m_lkf #
#                    \Debug_iRAM\Obj\lpc313x_i2s_driver.o                     #
#                    D:\_designer\_4__08_01_2012\_new1\_codes\_modules\_m_lkf #
#                    \Debug_iRAM\Obj\lpc313x_intc_driver.o                    #
#                    D:\_designer\_4__08_01_2012\_new1\_codes\_modules\_m_lkf #
#                    \Debug_iRAM\Obj\lpc313x_mci_driver.o                     #
#                    D:\_designer\_4__08_01_2012\_new1\_codes\_modules\_m_lkf #
#                    \Debug_iRAM\Obj\lpc313x_timer_driver.o                   #
#                    D:\_designer\_4__08_01_2012\_new1\_codes\_modules\_m_lkf #
#                    \Debug_iRAM\Obj\lpc31xx_vmem_driver.o                    #
#                    D:\_designer\_4__08_01_2012\_new1\_codes\_modules\_m_lkf #
#                    \Debug_iRAM\Obj\lpc_arm922t_cp15_driver.o                #
#                    D:\_designer\_4__08_01_2012\_new1\_codes\_modules\_m_lkf #
#                    \Debug_iRAM\Obj\lpc_io_stereo.o                          #
#                    D:\_designer\_4__08_01_2012\_new1\_codes\_modules\_m_lkf #
#                    \Debug_iRAM\Obj\ls.o D:\_designer\_4__08_01_2012\_new1\_ #
#                    codes\_modules\_m_lkf\Debug_iRAM\Obj\main.o              #
#                    D:\_designer\_4__08_01_2012\_new1\_codes\_modules\_m_lkf #
#                    \Debug_iRAM\Obj\minimad.o D:\_designer\_4__08_01_2012\_n #
#                    ew1\_codes\_modules\_m_lkf\Debug_iRAM\Obj\mkfs.o         #
#                    D:\_designer\_4__08_01_2012\_new1\_codes\_modules\_m_lkf #
#                    \Debug_iRAM\Obj\partition.o                              #
#                    D:\_designer\_4__08_01_2012\_new1\_codes\_modules\_m_lkf #
#                    \Debug_iRAM\Obj\plibc.o D:\_designer\_4__08_01_2012\_new #
#                    1\_codes\_modules\_m_lkf\Debug_iRAM\Obj\spinor_bootloade #
#                    r.o D:\_designer\_4__08_01_2012\_new1\_codes\_modules\_m #
#                    _lkf\Debug_iRAM\Obj\stream.o                             #
#                    D:\_designer\_4__08_01_2012\_new1\_codes\_modules\_m_lkf #
#                    \Debug_iRAM\Obj\synth_stereo.o                           #
#                    D:\_designer\_4__08_01_2012\_new1\_codes\_modules\_m_lkf #
#                    \Debug_iRAM\Obj\time.o D:\_designer\_4__08_01_2012\_new1 #
#                    \_codes\_modules\_m_lkf\Debug_iRAM\Obj\timer.o           #
#                    D:\_designer\_4__08_01_2012\_new1\_codes\_modules\_m_lkf #
#                    \Debug_iRAM\Obj\ui.o D:\_designer\_4__08_01_2012\_new1\_ #
#                    codes\_modules\_m_lkf\Debug_iRAM\Obj\vectors.o           #
#                    D:\_designer\_4__08_01_2012\_new1\_codes\_modules\_m_lkf #
#                    \Debug_iRAM\Obj\version.o --redirect                     #
#                    _Printf=_PrintfFull --redirect _Scanf=_ScanfFull -o      #
#                    D:\_designer\_4__08_01_2012\_new1\_codes\_modules\_m_lkf #
#                    \Debug_iRAM\Exe\AudioDevice.out --map                    #
#                    D:\_designer\_4__08_01_2012\_new1\_codes\_modules\_m_lkf #
#                    \Debug_iRAM\List\AudioDevice.map --config                #
#                    D:\_designer\_4__08_01_2012\_new1\_codes\_modules\_m_lkf #
#                    \config\LPC313x_iRAM.icf --semihosting --entry           #
#                    __iar_program_start --redirect __write=__write_buffered  #
#                    --vfe                                                    #
#                                                                             #
#                                                                             #
###############################################################################

*******************************************************************************
*** MESSAGES
***


  place in RAM_region {readwrite, block CSTACK, block SVC_STACK, block IRQ_STACK,
  ^
"D:\_designer\_4__08_01_2012\_new1\_codes\_modules\_m_lkf\config\LPC313x_iRAM.icf",43  Warning[Lp005]: 
          placement includes a mix of sections with content (example
          "rw data section .data in TDStretch.o") and sections without content
          (example "zi section .bss in FIFOSampleBuffer.o")


*******************************************************************************
*** RUNTIME MODEL ATTRIBUTES
***

CppFlavor       = *
__CPP_Language  = EC++
__Heap_Handler  = DLMalloc
__SystemLibrary = DLib


*******************************************************************************
*** RESERVED RANGES
***

Ranges reserved by absolute symbols:
   [0x1300a404-0x1300a407]


*******************************************************************************
*** PLACEMENT SUMMARY
***

"A1":  place at 0x11129000 { ro section .bootheader };
"A2":  place at start of [0x11129100-0x11157700] { block RamTop };
"P1":  place in [from 0x11129100 to 0x11157700] {
          rw, block CSTACK, block SVC_STACK, block IRQ_STACK, block FIQ_STACK,
          block UND_STACK, block ABT_STACK, block BTLD_STACK, block HEAP };

  Section               Kind        Address     Size  Object
  -------               ----        -------     ----  ------
"A1":                                           0x80
  .bootheader           ro code  0x11129000     0x80  cstartup.o [1]
                               - 0x11129080     0x80

"A2":                                        0x1b900
  RamTop                         0x11129100  0x1b900  <Block>
    .text               ro code  0x11129100     0x88  cstartup.o [1]
    .text               ro code  0x11129188    0x8a8  pow.o [5]
    .text               ro code  0x11129a30     0x48  xdnorm.o [5]
    .text               ro code  0x11129a78     0x94  xdint.o [5]
    .text               ro code  0x11129b0c     0x2c  DblCmpEq.o [5]
    .text               ro code  0x11129b38     0x10  errno.o [3]
    .text               ro code  0x11129b48     0x38  DblCmpGe.o [5]
    .text               ro code  0x11129b80     0x38  DblCmpLe.o [5]
    .text               ro code  0x11129bb8    0x204  DblMul.o [5]
    .text               ro code  0x11129dbc    0x140  DblAdd.o [5]
    .text               ro code  0x11129efc     0x60  DblToS32.o [5]
    .text               ro code  0x11129f5c     0x30  S32ToDbl.o [5]
    .text               ro code  0x11129f8c    0x1ec  DblSub.o [5]
    .text               ro code  0x1112a178    0x38c  DblDiv.o [5]
    .text               ro code  0x1112a504    0x37c  xlog.o [5]
    .text               ro code  0x1112a880    0x334  xexp.o [5]
    .text               ro code  0x1112abb4      0x2  xtls.o [3]
    .text               ro code  0x1112abb6      0xa  xsprout.o [3]
    .text               ro code  0x1112abc0    0x128  xdscale.o [5]
    .iar.init_table     const    0x1112ace8     0x14  - Linker created -
    .rodata             const    0x1112acfc     0x28  FIFOSampleBuffer.o [1]
    .rodata             const    0x1112ad24     0x10  SoundTouch.o [1]
    .rodata             const    0x1112ad34     0x54  SoundTouch.o [1]
    .rodata             const    0x1112ad88     0x10  SoundTouch.o [1]
    .rodata             const    0x1112ad98     0x30  SoundTouch.o [1]
    .rodata             const    0x1112adc8     0x50  TDStretch.o [1]
    .rodata             const    0x1112ae18     0x60  TDStretch.o [1]
    .rodata             const    0x1112ae78   0x1228  huffman.o [1]
    .rodata             const    0x1112c0a0     0xb4  layer12.o [1]
    .rodata             const    0x1112c154    0x4e4  layer3.o [1]
    .rodata             const    0x1112c638    0x1fc  main.o [1]
    .rodata             const    0x1112c834    0x880  synth_stereo.o [1]
    .rodata             const    0x1112d0b4     0x18  xprintffull.o [3]
    .text               ro code  0x1112d0cc    0x176  FIFOSampleBuffer.o [1]
    .text               ro code  0x1112d244    0x1a8  I32DivMod.o [6]
    .text               ro code  0x1112d3ec     0xd4  ABImemmove.o [6]
    .text               ro code  0x1112d4c0     0xd4  ABImemcpy.o [6]
    .text               ro code  0x1112d594      0x4  IntDivZer.o [6]
    .text               ro code  0x1112d598     0x16  RunParameters.o [1]
    .text               ro code  0x1112d5b0     0xf4  SoundTouch.o [1]
    .text               ro code  0x1112d6a4    0x774  TDStretch.o [1]
    .text               ro code  0x1112de18     0x40  SoundTouch.o [1]
    .text               ro code  0x1112de58     0x30  TDStretch.o [1]
    Veneer              ro code  0x1112de88      0x8  - Linker created -
    .text               ro code  0x1112de90     0x10  cxxabi.o [4]
    .text               ro code  0x1112dea0      0x8  ABImemclr4.o [6]
    .text               ro code  0x1112dea8     0x10  U32ToFlt.o [5]
    .text               ro code  0x1112deb8    0x148  FltMul.o [5]
    .text               ro code  0x1112e000     0xa4  FltAdd.o [5]
    .text               ro code  0x1112e0a4     0x58  FltToS32.o [5]
    .text               ro code  0x1112e0fc     0x56  xassert.o [3]
    .text               ro code  0x1112e152     0x1e  TDStretch.o [1]
    .text               ro code  0x1112e170    0x124  FltSub.o [5]
    .text               ro code  0x1112e294     0x28  U32ToDbl.o [5]
    .text               ro code  0x1112e2bc     0xac  DblToFlt.o [5]
    .text               ro code  0x1112e368    0x1c4  xflog.o [5]
    .text               ro code  0x1112e52c     0x64  FltToDbl.o [5]
    .text               ro code  0x1112e590     0x3c  DblToU32.o [5]
    .text               ro code  0x1112e5cc     0x98  cppinit.o [3]
    .text               ro code  0x1112e664     0x44  ABImemset48.o [6]
    .text               ro code  0x1112e6a8     0x34  S32ToFlt.o [5]
    .text               ro code  0x1112e6dc     0x98  xreportassert.o [3]
    .text               ro code  0x1112e774    0xba8  minimad.o [1]
    .text               ro code  0x1112f31c     0x30  xfdnorm.o [5]
    .text               ro code  0x1112f34c     0x2c  FltCmpLe.o [5]
    .text               ro code  0x1112f378    0x1c0  FltDiv.o [5]
    .text               ro code  0x1112f538     0x26  putchar.o [3]
    .text               ro code  0x1112f560     0x20  _wd.o [1]
    .text               ro code  0x1112f580    0x4fc  keyb.o [1]
    .text               ro code  0x1112fa7c    0x444  _aic23.o [1]
    .text               ro code  0x1112fec0   0x2558  main.o [1]
    .text               ro code  0x11132418    0x364  lpc_io_stereo.o [1]
    .text               ro code  0x1113277c     0x16  minimad.o [1]
    .text               ro code  0x11132792     0x16  minimad.o [1]
    .text               ro code  0x111327a8    0x578  file.o [1]
    .text               ro code  0x11132d20     0x98  stream.o [1]
    .text               ro code  0x11132db8    0x1c8  decoder.o [1]
    .text               ro code  0x11132f80     0xd4  xxwritebuffered.o [3]
    .text               ro code  0x11133054    0x218  lpc313x_timer_driver.o [1]
    .text               ro code  0x1113326c     0xdc  lpc313x_intc_driver.o [1]
    .text               ro code  0x11133348      0x8  ABImemclr.o [6]
    .text               ro code  0x11133350     0xe4  drv_i2c.o [1]
    .text               ro code  0x11133434     0x54  strlen.o [6]
    .text               ro code  0x11133488     0x98  strncpy.o [6]
    .text               ro code  0x11133520     0xe8  _stretch.o [1]
    .text               ro code  0x11133608     0x20  strchr.o [6]
    .text               ro code  0x11133628    0x184  xstoul.o [3]
    .text               ro code  0x111337ac     0x38  sprintf.o [3]
    .text               ro code  0x111337e4    0x76c  ls.o [1]
    .text               ro code  0x11133f50    0x358  keeper.o [1]
    .text               ro code  0x111342a8    0x4ac  drv_cgu.o [1]
    .text               ro code  0x11134754      0x8  _boost_tpa6011.o [1]
    .text               ro code  0x1113475c     0x2c  charger.o [1]
    .text               ro code  0x11134788     0x84  efs.o [1]
    .text               ro code  0x1113480c     0x5c  drv_booster.o [1]
    .text               ro code  0x11134868     0x30  strncmp.o [3]
    .text               ro code  0x11134898     0xe8  lpc31xx_vmem_driver.o [1]
    .text               ro code  0x11134980    0x344  lpc313x_cgu_driver.o [1]
    .text               ro code  0x11134cc4    0x184  lpc313x_dma_driver.o [1]
    .text               ro code  0x11134e48    0x1ec  lpc313x_i2s_clock_driver.o [1]
    .text               ro code  0x11135034     0x2c  FltCmpGe.o [5]
    .text               ro code  0x11135060     0x96  partition.o [1]
    .text               ro code  0x111350f6     0x4a  plibc.o [1]
    .text               ro code  0x11135140    0x584  fat.o [1]
    .text               ro code  0x111356c4    0x430  fs.o [1]
    .text               ro code  0x11135af4     0x2e  strstr.o [3]
    .text               ro code  0x11135b24    0x15c  _crypt.o [1]
    .text               ro code  0x11135c80    0x368  dir.o [1]
    .text               ro code  0x11135fe8      0x4  time.o [1]
    .text               ro code  0x11135fec     0x78  ABImemset.o [6]
    .text               ro code  0x11136064    0x3ac  bit.o [1]
    .text               ro code  0x11136410    0x6a8  frame.o [1]
    .text               ro code  0x11136ab8    0xdac  synth_stereo.o [1]
    .text               ro code  0x11137864     0x34  dwrite.o [7]
    .text               ro code  0x11137898     0x14  I64Mul.o [6]
    .text               ro code  0x111378ac    0x184  I64DivMod.o [6]
    .text               ro code  0x11137a30     0x4c  lpc_arm922t_cp15_driver.o [1]
    .text               ro code  0x11137a7c     0x5a  WavFile.o [1]
    .text               ro code  0x11137ad8     0x94  memchr.o [6]
    .text               ro code  0x11137b6c    0xe12  xprintffull.o [3]
    .text               ro code  0x1113897e     0x14  memset.o [3]
    .text               ro code  0x11138992      0x8  abs.o [3]
    .text               ro code  0x1113899a     0x64  extract.o [1]
    .text               ro code  0x11138a00    0x198  lpc3131_mci_nand.o [1]
    .text               ro code  0x11138b98    0x672  ioman.o [1]
    .text               ro code  0x1113920a     0x42  disc.o [1]
    .text               ro code  0x1113924c    0x1f0  timer.o [1]
    .text               ro code  0x1113943c     0x40  iarwstd.o [7]
    .text               ro code  0x1113947c     0x44  iarwrite.o [7]
    .text               ro code  0x111394c0      0x4  I64DivZer.o [6]
    .text               ro code  0x111394c4     0x20  div.o [3]
    .text               ro code  0x111394e4    0x128  drv_nand.o [1]
    .text               ro code  0x1113960c    0x8bc  lpc313x_mci_driver.o [1]
    .text               ro code  0x11139ec8     0xb8  iarttio.o [7]
    .text               ro code  0x11139f80      0x8  XShttio.o [3]
    .text               ro code  0x11139f88    0x9b8  layer12.o [1]
    .text               ro code  0x1113a940   0x9e94  layer3.o [1]
    .text               ro code  0x111447d4     0x70  vectors.o [1]
    .text               ro code  0x11144844     0x24  cmain.o [6]
    .text               ro code  0x11144868      0x4  low_level_init.o [3]
    .text               ro code  0x1114486c     0x4c  data_init3.o [6]
    .text               ro code  0x111448b8      0x8  exit.o [3]
    .text               ro code  0x111448c0     0x20  exit.o [7]
    .text               ro code  0x111448e0     0x18  cexit.o [6]
    .text               ro code  0x111448f8     0x10  xcloseall.o [3]
    .text               ro code  0x11144908      0x0  cstart_call_dtors.o [6]
    .text               ro code  0x11144908      0x4  xreturnswi.o [7]
    .text               ro code  0x1114490c      0x0  cstart_closeall.o [6]
    .text               ro code  0x1114490c     0x34  cmain_call_ctors.o [6]
    SHT$$PREINIT_ARRAY           0x11144940      0x0  <Block>
    SHT$$INIT_ARRAY              0x11144940      0x8  <Block>
      .init_array       const    0x11144940      0x4  TDStretch.o [1]
      .init_array       const    0x11144944      0x4  _stretch.o [1]
    .text               ro code  0x11144948      0xc  TDStretch.o [1]
    .text               ro code  0x11144954      0xc  TDStretch.o [1]
    .text               ro code  0x11144960      0xc  TDStretch.o [1]
    .text               ro code  0x1114496c      0xc  TDStretch.o [1]
    .text               ro code  0x11144978     0x28  zero_init3.o [6]
    .rodata             const    0x111449a0      0x0  bwt_init3c.o [6]
    CODE_END                     0x11144a00      0x0  <Block>
      CODE_END          const    0x11144a00      0x0  cstartup.o [1]
                               - 0x11144a00  0x1b900

"P1", part 1 of 2:                            0x51f8
  .data                 const    0x11144a00   0x1ba0  main.o [1]
  .data                 const    0x111465a0   0x1014  lpc_io_stereo.o [1]
  .data                 const    0x111475b4    0x180  TDStretch.o [1]
  .data                 const    0x11147734     0x40  lpc31xx_vmem_driver.o [1]
  .data                 const    0x11147774     0x28  lpc313x_i2s_clock_driver.o [1]
  .data                 const    0x1114779c     0x24  lpc313x_i2s_clock_driver.o [1]
  .data                 const    0x111477c0     0x24  lpc313x_i2s_clock_driver.o [1]
  .data                 const    0x111477e4     0x24  lpc313x_i2s_clock_driver.o [1]
  .data                 const    0x11147808     0x24  lpc313x_i2s_clock_driver.o [1]
  .data                 const    0x1114782c     0x24  lpc313x_i2s_clock_driver.o [1]
  .data                 const    0x11147850     0x20  lpc313x_timer_driver.o [1]
  .data                 const    0x11147870     0x10  _crypt.o [1]
  .data                 const    0x11147880     0x10  lpc313x_i2s_clock_driver.o [1]
  .data                 const    0x11147890      0x8  lpc313x_i2s_clock_driver.o [1]
  .data                 const    0x11147898      0x8  lpc313x_i2s_clock_driver.o [1]
  .data                 const    0x111478a0      0x8  lpc313x_i2s_clock_driver.o [1]
  .data                 const    0x111478a8      0x8  lpc313x_i2s_clock_driver.o [1]
  .data                 const    0x111478b0      0x8  XShttio.o [3]
  .data                 const    0x111478b8      0x4  lpc3131_mci_nand.o [1]
  .data                 const    0x111478bc      0x1  lpc_io_stereo.o [1]
  .data                 const    0x111478bd      0x1  minimad.o [1]
  .data                 const    0x111478be      0x1  minimad.o [1]
  .data                 const    0x111478bf      0x1  minimad.o [1]
  .data                 const    0x111478c0      0x1  minimad.o [1]
  CSTACK                         0x111478c8   0x1f40  <Block>
    CSTACK              uninit   0x111478c8   0x1f40  <Block tail>
  IRQ_STACK                      0x11149808    0x200  <Block>
    IRQ_STACK           uninit   0x11149808    0x200  <Block tail>
  .iar.dynexit                   0x11149a08    0x1b0  <Block>
    .iar.dynexit        uninit   0x11149a08      0xc  cppinit.o [3]
    .iar.dynexit        uninit   0x11149a14    0x1a4  <Block tail>
  SVC_STACK                      0x11149bb8     0x40  <Block>
    SVC_STACK           uninit   0x11149bb8     0x40  <Block tail>
  FIQ_STACK                      0x11149bf8      0x0  <Block>
  UND_STACK                      0x11149bf8      0x0  <Block>
  ABT_STACK                      0x11149bf8      0x0  <Block>
                               - 0x11149bf8   0x51f8

"P1", part 2 of 2:                            0xdaf4
  .bss                  zero     0x11149bf8   0x4268  FIFOSampleBuffer.o [1]
  .bss                  zero     0x1114de60   0x347c  decoder.o [1]
  .bss                  zero     0x111512dc   0x17f8  TDStretch.o [1]
  .bss                  zero     0x11152ad4   0x1200  layer3.o [1]
  .bss                  zero     0x11153cd4   0x106c  lpc_io_stereo.o [1]
  .bss                  zero     0x11154d40   0x1000  lpc3131_mci_nand.o [1]
  .bss                  zero     0x11155d40    0xa08  stream.o [1]
  .bss                  zero     0x11156748    0x600  minimad.o [1]
  .bss                  zero     0x11156d48    0x24c  lpc313x_mci_driver.o [1]
  .bss                  zero     0x11156f94    0x16c  main.o [1]
  .bss                  zero     0x11157100    0x140  lpc3131_mci_nand.o [1]
  .bss                  zero     0x11157240    0x100  lpc313x_dma_driver.o [1]
  .bss                  zero     0x11157340     0xc4  _stretch.o [1]
  .bss                  zero     0x11157404     0x7c  keeper.o [1]
  .bss                  zero     0x11157480     0x78  lpc313x_intc_driver.o [1]
  .bss                  zero     0x111574f8     0x74  main.o [1]
  .bss                  zero     0x1115756c     0x54  xxwritebuffered.o [3]
  .bss                  zero     0x111575c0     0x38  _aic23.o [1]
  .bss                  zero     0x111575f8     0x38  main.o [1]
  .bss                  zero     0x11157630     0x20  _aic23.o [1]
  .bss                  zero     0x11157650     0x20  lpc313x_cgu_driver.o [1]
  .bss                  zero     0x11157670     0x1c  keyb.o [1]
  .bss                  zero     0x1115768c      0xc  file.o [1]
  .bss                  zero     0x11157698      0xc  lpc313x_intc_driver.o [1]
  .bss                  zero     0x111576a4      0x4  lpc3131_mci_nand.o [1]
  .bss                  zero     0x111576a8      0x4  main.o [1]
  .bss                  zero     0x111576ac      0x4  minimad.o [1]
  .bss                  zero     0x111576b0      0x4  minimad.o [1]
  .bss                  zero     0x111576b4      0x4  cppinit.o [3]
  .bss                  zero     0x111576b8      0x4  cppinit.o [3]
  __DLIB_PERTHREAD      zero     0x111576bc      0x4  errno.o [3]
  .bss                  zero     0x111576c0      0x2  minimad.o [1]
  .bss                  zero     0x111576c2      0x2  minimad.o [1]
  .bss                  zero     0x111576c4      0x2  minimad.o [1]
  .bss                  zero     0x111576c6      0x1  minimad.o [1]
  .bss                  zero     0x111576c7      0x1  minimad.o [1]
  .bss                  zero     0x111576c8      0x1  minimad.o [1]
  .bss                  zero     0x111576c9      0x1  minimad.o [1]
  .bss                  zero     0x111576ca      0x1  minimad.o [1]
  .bss                  zero     0x111576cb      0x1  minimad.o [1]
  .bss                  zero     0x111576cc      0x1  minimad.o [1]
  .bss                  zero     0x111576cd      0x1  minimad.o [1]
  .bss                  zero     0x111576ce      0x1  minimad.o [1]
  .bss                  zero     0x111576cf      0x1  minimad.o [1]
  .bss                  zero     0x111576d0      0x1  minimad.o [1]
  .bss                  zero     0x111576d1      0x1  minimad.o [1]
  .bss                  zero     0x111576d2      0x1  minimad.o [1]
  .bss                  zero     0x111576d3      0x1  minimad.o [1]
  .bss                  zero     0x111576d4      0x1  minimad.o [1]
  .bss                  zero     0x111576d5      0x1  minimad.o [1]
  .bss                  zero     0x111576d6      0x1  minimad.o [1]
  .bss                  zero     0x111576d7      0x1  minimad.o [1]
  .bss                  zero     0x111576d8      0x1  minimad.o [1]
  .bss                  zero     0x111576d9      0x1  minimad.o [1]
  .bss                  zero     0x111576da      0x1  minimad.o [1]
  .bss                  zero     0x111576db      0x1  minimad.o [1]
  .bss                  zero     0x111576dc      0x1  minimad.o [1]
  .bss                  zero     0x111576dd      0x1  minimad.o [1]
  .bss                  zero     0x111576de      0x1  minimad.o [1]
  .bss                  zero     0x111576df      0x1  minimad.o [1]
  .bss                  zero     0x111576e0      0x1  minimad.o [1]
  .bss                  zero     0x111576e1      0x1  minimad.o [1]
  .bss                  zero     0x111576e2      0x1  minimad.o [1]
  .bss                  zero     0x111576e3      0x1  minimad.o [1]
  .bss                  zero     0x111576e4      0x1  minimad.o [1]
  .bss                  zero     0x111576e5      0x1  minimad.o [1]
  .bss                  zero     0x111576e6      0x1  minimad.o [1]
  .bss                  zero     0x111576e7      0x1  minimad.o [1]
  .bss                  zero     0x111576e8      0x1  minimad.o [1]
  .bss                  zero     0x111576e9      0x1  minimad.o [1]
                               - 0x111576ea   0xdaf2


*******************************************************************************
*** INIT TABLE
***

          Address     Size
          -------     ----
Zero (__iar_zero_init3)
    1 destination range, total size 0xdaf2:
          0x11149bf8  0xdaf2

Extra (__iar_cstart_call_ctors)


*******************************************************************************
*** MODULE SUMMARY
***

    Module                      ro code  ro data  rw data
    ------                      -------  -------  -------
D:\_designer\_4__08_01_2012\_new1\_codes\_modules\_m_lkf\Debug_iRAM\Obj: [1]
    FIFOSampleBuffer.o              374       40   17 000
    RunParameters.o                  22
    SoundTouch.o                    308      164
    TDStretch.o                   2 034      180    6 520
    WavFile.o                        90
    _aic23.o                      1 092                88
    _boost_tpa6011.o                  8
    _crypt.o                        348                16
    _stretch.o                      232        4      196
    _wd.o                            32
    bit.o                           940
    charger.o                        44
    cstartup.o                      264
    decoder.o                       456            13 436
    dir.o                           872
    disc.o                           66
    drv_booster.o                    92
    drv_cgu.o                     1 196
    drv_i2c.o                       228
    drv_nand.o                      296
    efs.o                           132
    extract.o                       100
    fat.o                         1 412
    file.o                        1 400                12
    frame.o                       1 704
    fs.o                          1 072
    huffman.o                              4 648
    ioman.o                       1 650
    keeper.o                        856               124
    keyb.o                        1 276                28
    layer12.o                     2 488      180
    layer3.o                     40 596    1 252    4 608
    lpc3131_mci_nand.o              408             4 424
    lpc313x_cgu_driver.o            836                32
    lpc313x_dma_driver.o            388               256
    lpc313x_i2s_clock_driver.o      492               268
    lpc313x_intc_driver.o           220               132
    lpc313x_mci_driver.o          2 236               588
    lpc313x_timer_driver.o          536                32
    lpc31xx_vmem_driver.o           232                64
    lpc_arm922t_cp15_driver.o        76
    lpc_io_stereo.o                 868             8 321
    ls.o                          1 900
    main.o                        9 560      508    7 612
    minimad.o                     3 028             1 590
    partition.o                     150
    plibc.o                          74
    stream.o                        152             2 568
    synth_stereo.o                3 500    2 176
    time.o                            4
    timer.o                         496
    vectors.o                       112
    -----------------------------------------------------
    Total:                       86 948    9 152   67 915

command line: [2]
    -----------------------------------------------------
    Total:

dl5E_tln.a: [3]
    XShttio.o                         8                 8
    abs.o                             8
    cppinit.o                       152                20
    div.o                            32
    errno.o                          16                 4
    exit.o                            8
    low_level_init.o                  4
    memset.o                         20
    putchar.o                        38
    sprintf.o                        56
    strncmp.o                        48
    strstr.o                         46
    xassert.o                        86
    xcloseall.o                      16
    xprintffull.o                 3 602       24
    xreportassert.o                 152
    xsprout.o                        10
    xstoul.o                        388
    xtls.o                            2
    xxwritebuffered.o               212                84
    -----------------------------------------------------
    Total:                        4 904       24      116

dlpp5E_al_ne.a: [4]
    cxxabi.o                         16
    -----------------------------------------------------
    Total:                           16

m5E_tl.a: [5]
    DblAdd.o                        320
    DblCmpEq.o                       44
    DblCmpGe.o                       56
    DblCmpLe.o                       56
    DblDiv.o                        908
    DblMul.o                        516
    DblSub.o                        492
    DblToFlt.o                      172
    DblToS32.o                       96
    DblToU32.o                       60
    FltAdd.o                        164
    FltCmpGe.o                       44
    FltCmpLe.o                       44
    FltDiv.o                        448
    FltMul.o                        328
    FltSub.o                        292
    FltToDbl.o                      100
    FltToS32.o                       88
    S32ToDbl.o                       48
    S32ToFlt.o                       52
    U32ToDbl.o                       40
    U32ToFlt.o                       16
    pow.o                         2 216
    xdint.o                         148
    xdnorm.o                         72
    xdscale.o                       296
    xexp.o                          820
    xfdnorm.o                        48
    xflog.o                         452
    xlog.o                          892
    -----------------------------------------------------
    Total:                        9 328

rt5E_al.a: [6]
    ABImemclr.o                       8
    ABImemclr4.o                      8
    ABImemcpy.o                     212
    ABImemmove.o                    212
    ABImemset.o                     120
    ABImemset48.o                    68
    I32DivMod.o                     424
    I64DivMod.o                     388
    I64DivZer.o                       4
    I64Mul.o                         20
    IntDivZer.o                       4
    bwt_init3c.o
    cexit.o                          24
    cmain.o                          36
    cmain_call_ctors.o               52
    cstart_call_dtors.o
    cstart_closeall.o
    data_init3.o                     76
    memchr.o                        148
    strchr.o                         32
    strlen.o                         84
    strncpy.o                       152
    zero_init3.o                     40
    -----------------------------------------------------
    Total:                        2 112

shs_l.a: [7]
    dwrite.o                         52
    exit.o                           32
    iarttio.o                       184
    iarwrite.o                       68
    iarwstd.o                        64
    xreturnswi.o                      4
    -----------------------------------------------------
    Total:                          404

    Gaps                             12               103
    Linker created                    8       20    8 996
---------------------------------------------------------
    Grand Total:                103 732    9 196   77 130


*******************************************************************************
*** ENTRY LIST
***

Entry                      Address    Size  Type      Object
-----                      -------    ----  ----      ------
.iar.dynexit$$Base      0x11149a08           --   Gb  - Linker created -
.iar.dynexit$$Limit     0x11149bb8           --   Gb  - Linker created -
?cstartup               0x11129100          Code  Gb  cstartup.o [1]
?main                   0x11144844          Code  Gb  cmain.o [6]
ABT_STACK$$Base         0x11149bf8           --   Gb  - Linker created -
ABT_STACK$$Limit        0x11149bf8           --   Gb  - Linker created -
BadBlockListSize        0x111576a4     0x4  Data  Gb  lpc3131_mci_nand.o [1]
BadBlocks               0x11157100   0x140  Data  Gb  lpc3131_mci_nand.o [1]
CGU_CnfgBCR             0x1113453d    0x16  Code  Gb  drv_cgu.o [1]
CGU_Run_Clock           0x111342a9    0x10  Code  Gb  drv_cgu.o [1]
CGU_SelectDomainClk     0x1113450b    0x32  Code  Gb  drv_cgu.o [1]
CGU_Stop_Clock          0x111342b9    0x10  Code  Gb  drv_cgu.o [1]
CODE_END$$Base          0x11144a00           --   Gb  - Linker created -
CODE_END$$Limit         0x11144a00           --   Gb  - Linker created -
CSTACK$$Base            0x111478c8           --   Gb  - Linker created -
CSTACK$$Limit           0x11149808           --   Gb  - Linker created -
D                       0x1112c834   0x880  Data  Lc  synth_stereo.o [1]
DecodedBuff             0x11153cd4  0x106c  Data  Lc  lpc_io_stereo.o [1]
DtorRecArray            0x11149a08     0xc  Data  Lc  cppinit.o [3]
ESR_Cnfg                0x111345f0   0x164  Data  Lc  drv_cgu.o [1]
FDIV_Config             0x11134590    0x60  Data  Lc  drv_cgu.o [1]
FIFOProcessor::numSamples() const
                        0x1114496d     0xc  Code  Gb  TDStretch.o [1]
FIFOProcessor::ptrBegin() const
                        0x11144949     0xc  Code  Gb  TDStretch.o [1]
FIFOProcessor::receiveSamples(short *, unsigned int)
                        0x11144955     0xc  Code  Gb  TDStretch.o [1]
FIFOProcessor::receiveSamples(unsigned int)
                        0x11144961     0xc  Code  Gb  TDStretch.o [1]
FIFOProcessor::setOutPipe(FIFOSamplePipe *)
                        0x1112de19    0x40  Code  Gb  SoundTouch.o [1]
FIFOProcessor::setOutPipe(FIFOSamplePipe *)::string
                        0x1112ad24    0x10  Data  Gb  SoundTouch.o [1]
FIFOProcessor::setOutPipe(FIFOSamplePipe *)::string (instance 2)
                        0x1112ad34    0x54  Data  Gb  SoundTouch.o [1]
FIFOProcessor::setOutPipe(FIFOSamplePipe *)::string (instance 3)
                        0x1112ad88    0x10  Data  Gb  SoundTouch.o [1]
FIFOSampleBuffer::FIFOSampleBuffer(unsigned int)
                        0x1112d0cd    0x16  Code  Gb  FIFOSampleBuffer.o [1]
FIFOSampleBuffer::ensureCapacity(unsigned int)
                        0x1112d185    0x52  Code  Gb  FIFOSampleBuffer.o [1]
FIFOSampleBuffer::getCapacity() const
                        0x1112d1e5    0x10  Code  Gb  FIFOSampleBuffer.o [1]
FIFOSampleBuffer::numSamples() const
                        0x1112d1f5     0x4  Code  Gb  FIFOSampleBuffer.o [1]
FIFOSampleBuffer::ptrBegin() const
                        0x1112d177     0xe  Code  Gb  FIFOSampleBuffer.o [1]
FIFOSampleBuffer::ptrEnd(unsigned int)
                        0x1112d15b    0x1c  Code  Gb  FIFOSampleBuffer.o [1]
FIFOSampleBuffer::putSamples(short const *, unsigned int)
                        0x1112d121    0x22  Code  Gb  FIFOSampleBuffer.o [1]
FIFOSampleBuffer::putSamples(unsigned int)
                        0x1112d143    0x18  Code  Gb  FIFOSampleBuffer.o [1]
FIFOSampleBuffer::receiveSamples(short *, unsigned int)
                        0x1112d1f9    0x2e  Code  Gb  FIFOSampleBuffer.o [1]
FIFOSampleBuffer::receiveSamples(unsigned int)
                        0x1112d227    0x1c  Code  Gb  FIFOSampleBuffer.o [1]
FIFOSampleBuffer::rewind()
                        0x1112d0f9    0x28  Code  Gb  FIFOSampleBuffer.o [1]
FIFOSampleBuffer::setChannels(unsigned int)
                        0x1112d0e5    0x14  Code  Gb  FIFOSampleBuffer.o [1]
FIFOSampleBuffer::~FIFOSampleBuffer()
                        0x1112d0e3     0x2  Code  Gb  FIFOSampleBuffer.o [1]
FIFOSamplePipe::moveSamples(FIFOSamplePipe&)
                        0x1112de59    0x30  Code  Gb  TDStretch.o [1]
FIQ_STACK$$Base         0x11149bf8           --   Gb  - Linker created -
FIQ_STACK$$Limit        0x11149bf8           --   Gb  - Linker created -
I2C1_Master_Init        0x11133351    0x1a  Code  Gb  drv_i2c.o [1]
I2C1_Master_Transfer    0x1113336b    0xbe  Code  Gb  drv_i2c.o [1]
I2C1_STAT {Abs}         0x1300a404     0x4  Data  Wk  drv_i2c.o [1]
III_aliasreduce         0x11143969    0x7a  Code  Lc  layer3.o [1]
III_decode              0x1114420d   0x342  Code  Lc  layer3.o [1]
III_exponents           0x1113ae61    0xee  Code  Lc  layer3.o [1]
III_freqinver           0x11144129    0x52  Code  Lc  layer3.o [1]
III_huffdecode          0x11143019   0x51a  Code  Lc  layer3.o [1]
III_imdct_l             0x11143d4d   0x148  Code  Lc  layer3.o [1]
III_imdct_s             0x11143ea1   0x19c  Code  Lc  layer3.o [1]
III_overlap             0x1114403d    0x2c  Code  Lc  layer3.o [1]
III_reorder             0x11143533    0xe0  Code  Lc  layer3.o [1]
III_requantize          0x1113af51    0x66  Code  Lc  layer3.o [1]
III_scalefactors        0x1113ad15   0x140  Code  Lc  layer3.o [1]
III_scalefactors_lsf    0x1113ab39   0x1d4  Code  Lc  layer3.o [1]
III_sideinfo            0x1113a941   0x1f8  Code  Lc  layer3.o [1]
III_stereo              0x11143625   0x33e  Code  Lc  layer3.o [1]
II_samples              0x1113a1e1    0xa6  Code  Lc  layer12.o [1]
IRQ_STACK$$Base         0x11149808           --   Gb  - Linker created -
IRQ_STACK$$Limit        0x11149a08           --   Gb  - Linker created -
I_sample                0x11139f89    0x44  Code  Lc  layer12.o [1]
IfBlockBad              0x11138a33    0x20  Code  Gb  lpc3131_mci_nand.o [1]
InitClock               0x111342c9   0x242  Code  Gb  drv_cgu.o [1]
InitNAND                0x111394e5    0x7e  Code  Gb  drv_nand.o [1]
K                       0x11147870    0x10  Data  Gb  _crypt.o [1]
LoadBadBlockList        0x11138a01    0x32  Code  Gb  lpc3131_mci_nand.o [1]
MainData                0x11155d40   0xa08  Data  Gb  stream.o [1]
RamTop$$Base            0x11129100           --   Gb  - Linker created -
RamTop$$Limit           0x11144a00           --   Gb  - Linker created -
Region$$Table$$Base     0x1112ace8           --   Gb  - Linker created -
Region$$Table$$Limit    0x1112acfc           --   Gb  - Linker created -
RenderStatus            0x111465a0     0x1  Data  Lc  lpc_io_stereo.o [1]
RunParameters::RunParameters(int, char const **)
                        0x1112d599    0x16  Code  Gb  RunParameters.o [1]
SB                      0x111449a0          Data  Gb  bwt_init3c.o [6]
SHT$$INIT_ARRAY$$Base   0x11144940           --   Gb  - Linker created -
SHT$$INIT_ARRAY$$Limit  0x11144948           --   Gb  - Linker created -
SHT$$PREINIT_ARRAY$$Base
                        0x11144940           --   Gb  - Linker created -
SHT$$PREINIT_ARRAY$$Limit
                        0x11144940           --   Gb  - Linker created -
SVC_STACK$$Base         0x11149bb8           --   Gb  - Linker created -
SVC_STACK$$Limit        0x11149bf8           --   Gb  - Linker created -
SoundImageOffset        0x111478b8     0x4  Data  Gb  lpc3131_mci_nand.o [1]
SoundTouch::SoundTouch()
                        0x1112d5b1    0x36  Code  Gb  SoundTouch.o [1]
SoundTouch::calcEffectiveRateAndTempo()
                        0x1112d60b    0x16  Code  Gb  SoundTouch.o [1]
SoundTouch::putSamples(short const *, unsigned int)
                        0x1112d621     0xc  Code  Gb  SoundTouch.o [1]
SoundTouch::setChannels(unsigned int)
                        0x1112d5e9     0xc  Code  Gb  SoundTouch.o [1]
SoundTouch::setSetting(unsigned int, unsigned int)
                        0x1112d62d    0x6e  Code  Gb  SoundTouch.o [1]
SoundTouch::setTempo(float)
                        0x1112d5f5    0x16  Code  Gb  SoundTouch.o [1]
SoundTouch::~SoundTouch()
                        0x1112d5e7     0x2  Code  Gb  SoundTouch.o [1]
Sync                    0x1114de60  0x347c  Data  Gb  decoder.o [1]
TDStretch::TDStretch()  0x1112d6b7    0x56  Code  Gb  TDStretch.o [1]
TDStretch::acceptNewOverlapLength(unsigned int)
                        0x1112db6d    0x2a  Code  Gb  TDStretch.o [1]
TDStretch::calcCrossCorrMono(short const *, short const *) const
                        0x1112dd91    0x26  Code  Gb  TDStretch.o [1]
TDStretch::calcCrossCorrStereo(short const *, short const *) const
                        0x1112ddc1    0x3c  Code  Gb  TDStretch.o [1]
TDStretch::calculateOverlapLength(unsigned int)
                        0x1112dcfd    0x94  Code  Gb  TDStretch.o [1]
TDStretch::clearCrossCorrState()
                        0x1112d98b     0x2  Code  Gb  TDStretch.o [1]
TDStretch::clearMidBuffer()
                        0x1112d7d3    0x1c  Code  Gb  TDStretch.o [1]
TDStretch::enableQuickSeek(int)
                        0x1112d7ef     0x8  Code  Gb  TDStretch.o [1]
TDStretch::getParameters(unsigned int *, unsigned int *, unsigned int *, unsigned int *)
                        0x1112d773    0x2a  Code  Gb  TDStretch.o [1]
TDStretch::newInstance()
                        0x1112db99     0x4  Code  Gb  TDStretch.o [1]
TDStretch::overlap(short *, short const *, unsigned int) const
                        0x1112e153    0x1e  Code  Gb  TDStretch.o [1]
TDStretch::overlapMono(short *, short const *) const
                        0x1112d79d    0x36  Code  Gb  TDStretch.o [1]
TDStretch::overlapStereo(short *, short const *) const
                        0x1112dc3d    0x66  Code  Gb  TDStretch.o [1]
TDStretch::precalcCorrReferenceMono()
                        0x1112dbfb    0x32  Code  Gb  TDStretch.o [1]
TDStretch::precalcCorrReferenceStereo()
                        0x1112db9d    0x5e  Code  Gb  TDStretch.o [1]
TDStretch::processSamples()
                        0x1112da25   0x12e  Code  Gb  TDStretch.o [1]
TDStretch::putSamples(short const *, unsigned int)
                        0x1112db53    0x14  Code  Gb  TDStretch.o [1]
TDStretch::seekBestOverlapPosition(short const *)
                        0x1112d7f7    0x30  Code  Gb  TDStretch.o [1]
TDStretch::seekBestOverlapPositionMono(short const *)
                        0x1112d8dd    0x36  Code  Gb  TDStretch.o [1]
TDStretch::seekBestOverlapPositionMonoQuick(short const *)
                        0x1112d91d    0x60  Code  Gb  TDStretch.o [1]
TDStretch::seekBestOverlapPositionStereo(short const *)
                        0x1112d827    0x38  Code  Gb  TDStretch.o [1]
TDStretch::seekBestOverlapPositionStereoQuick(short const *)
                        0x1112d85f    0x62  Code  Gb  TDStretch.o [1]
TDStretch::setChannels(unsigned int)
                        0x1112d9d5    0x3c  Code  Gb  TDStretch.o [1]
TDStretch::setParameters(unsigned int, unsigned int, unsigned int, unsigned int)
                        0x1112d72b    0x48  Code  Gb  TDStretch.o [1]
TDStretch::setTempo(float)
                        0x1112d98d    0x44  Code  Gb  TDStretch.o [1]
TDStretch::~TDStretch()
                        0x1112d70d    0x1e  Code  Gb  TDStretch.o [1]
Ticks                   0x111576a8     0x4  Data  Gb  main.o [1]
Timer1_wait_ticks       0x1112fec1    0x14  Code  Gb  main.o [1]
UND_STACK$$Base         0x11149bf8           --   Gb  - Linker created -
UND_STACK$$Limit        0x11149bf8           --   Gb  - Linker created -
Virtual function table for FIFOSampleBuffer
                        0x1112acfc    0x28  Data  Gb  FIFOSampleBuffer.o [1]
Virtual function table for SoundTouch
                        0x1112ad98    0x30  Data  Gb  SoundTouch.o [1]
Virtual function table for TDStretch
                        0x1112adc8    0x50  Data  Gb  TDStretch.o [1]
WavInFile::WavInFile(char const *)
                        0x11137a7d    0x20  Code  Gb  WavFile.o [1]
WavInFile::getNumChannels() const
                        0x11137aa3     0x6  Code  Gb  WavFile.o [1]
WavInFile::~WavInFile()
                        0x11137a9d     0x6  Code  Gb  WavFile.o [1]
WavOutFile::WavOutFile(char const *, int, int, int)
                        0x11137aa9    0x20  Code  Gb  WavFile.o [1]
WavOutFile::~WavOutFile()
                        0x11137ad1     0x6  Code  Gb  WavFile.o [1]
_AIC23_init             0x1112fab3    0x96  Code  Gb  _aic23.o [1]
_Close_all              0x111448f9    0x10  Code  Gb  xcloseall.o [3]
_GenldFull              0x111386c1   0x288  Code  Lc  xprintffull.o [3]
_LdtobFull              0x111381fd   0x4ae  Code  Lc  xprintffull.o [3]
_LitobFull              0x111380cd   0x12a  Code  Lc  xprintffull.o [3]
_PrintfFull             0x11137b6d   0x560  Code  Gb  xprintffull.o [3]
_PutcharsFull           0x11138949    0x32  Code  Lc  xprintffull.o [3]
_RunParameters          0x11157344    0x24  Data  Lc  _stretch.o [1]
_SProut                 0x1112abb7     0xa  Code  Gb  xsprout.o [3]
_SoundTouch             0x11157370    0x2c  Data  Lc  _stretch.o [1]
_TDStretch              0x111512dc  0x17f8  Data  Gb  TDStretch.o [1]
_WavInFile              0x1115739c    0x34  Data  Lc  _stretch.o [1]
_WavOutFile             0x111573d0    0x34  Data  Lc  _stretch.o [1]
__aeabi_assert          0x1112e0ff    0x54  Code  Gb  xassert.o [3]
__aeabi_atexit          0x1112de90    0x10  Code  Gb  cxxabi.o [4]
__aeabi_cdcmpeq         0x11129b0c          Code  Gb  DblCmpEq.o [5]
__aeabi_cdcmple         0x11129b80          Code  Gb  DblCmpLe.o [5]
__aeabi_cdrcmple        0x11129b48          Code  Gb  DblCmpGe.o [5]
__aeabi_cfcmple         0x1112f34c          Code  Gb  FltCmpLe.o [5]
__aeabi_cfrcmple        0x11135034          Code  Gb  FltCmpGe.o [5]
__aeabi_d2f             0x1112e2bc          Code  Gb  DblToFlt.o [5]
__aeabi_d2iz            0x11129efc          Code  Gb  DblToS32.o [5]
__aeabi_d2uiz           0x1112e590          Code  Gb  DblToU32.o [5]
__aeabi_dadd            0x11129dbc          Code  Gb  DblAdd.o [5]
__aeabi_ddiv            0x1112a178          Code  Gb  DblDiv.o [5]
__aeabi_dmul            0x11129bb8          Code  Gb  DblMul.o [5]
__aeabi_dsub            0x11129f8c          Code  Gb  DblSub.o [5]
__aeabi_errno_addr      0x11129b39     0xa  Code  Gb  errno.o [3]
__aeabi_f2d             0x1112e52c          Code  Gb  FltToDbl.o [5]
__aeabi_f2iz            0x1112e0a4          Code  Gb  FltToS32.o [5]
__aeabi_fadd            0x1112e000          Code  Gb  FltAdd.o [5]
__aeabi_fdiv            0x1112f378          Code  Gb  FltDiv.o [5]
__aeabi_fmul            0x1112deb8          Code  Gb  FltMul.o [5]
__aeabi_fsub            0x1112e170          Code  Gb  FltSub.o [5]
__aeabi_i2d             0x11129f5c          Code  Gb  S32ToDbl.o [5]
__aeabi_i2f             0x1112e6a8          Code  Gb  S32ToFlt.o [5]
__aeabi_idiv            0x1112d244          Code  Gb  I32DivMod.o [6]
__aeabi_idiv0           0x1112d594          Code  Gb  IntDivZer.o [6]
__aeabi_idivmod         0x1112d244          Code  Gb  I32DivMod.o [6]
__aeabi_ldiv0           0x111394c0          Code  Gb  I64DivZer.o [6]
__aeabi_ldivmod         0x111378ac          Code  Gb  I64DivMod.o [6]
__aeabi_lmul            0x11137898          Code  Gb  I64Mul.o [6]
__aeabi_memclr          0x11133348          Code  Gb  ABImemclr.o [6]
__aeabi_memclr4         0x1112dea0          Code  Gb  ABImemclr4.o [6]
__aeabi_memcpy          0x1112d4c0          Code  Gb  ABImemcpy.o [6]
__aeabi_memcpy4         0x1112d4e4          Code  Gb  ABImemcpy.o [6]
__aeabi_memcpy8         0x1112d4e4          Code  Gb  ABImemcpy.o [6]
__aeabi_memmove         0x1112d3ec          Code  Gb  ABImemmove.o [6]
__aeabi_memmove4        0x1112d3ec          Code  Gb  ABImemmove.o [6]
__aeabi_memmove8        0x1112d3ec          Code  Gb  ABImemmove.o [6]
__aeabi_memset          0x11135fec          Code  Gb  ABImemset.o [6]
__aeabi_memset4         0x1112e664          Code  Gb  ABImemset48.o [6]
__aeabi_memset8         0x1112e664          Code  Gb  ABImemset48.o [6]
__aeabi_ui2d            0x1112e294          Code  Gb  U32ToDbl.o [5]
__aeabi_ui2f            0x1112dea8          Code  Gb  U32ToFlt.o [5]
__aeabi_uidiv           0x1112d254          Code  Gb  I32DivMod.o [6]
__aeabi_uidivmod        0x1112d254          Code  Gb  I32DivMod.o [6]
__aeabi_uldivmod        0x111378c4          Code  Gb  I64DivMod.o [6]
__call_ctors            0x1112e5cd    0x18  Code  Gb  cppinit.o [3]
__call_dtors            0x1112e617     0xa  Code  Gb  cppinit.o [3]
__cexit_call_dtors      0x111448e4          Code  Gb  cexit.o [6]
__cexit_closeall        0x111448e8          Code  Gb  cexit.o [6]
__cmain                 0x11144844          Code  Gb  cmain.o [6]
__cstart_call_dtors     0x11144908          Code  Gb  cstart_call_dtors.o [6]
__cstart_closeall       0x1114490c          Code  Gb  cstart_closeall.o [6]
__cxa_atexit            0x1112e5e5    0x32  Code  Gb  cppinit.o [3]
__cxa_finalize          0x1112e621    0x38  Code  Gb  cppinit.o [3]
__dso_handle            0x111576b8     0x4  Data  Gb  cppinit.o [3]
__dwrite                0x11137864    0x34  Code  Gb  dwrite.o [7]
__exit                  0x111448c0    0x20  Code  Gb  exit.o [7]
__iar_Dint              0x11129a79    0x94  Code  Gb  xdint.o [5]
__iar_Dnorm             0x11129a31    0x48  Code  Gb  xdnorm.o [5]
__iar_Dscale            0x1112abc1   0x128  Code  Gb  xdscale.o [5]
__iar_EmptyStepPoint    0x1112e0fd     0x2  Code  Gb  xassert.o [3]
__iar_Errno             0x111576bc     0x4  Data  Gb  errno.o [3]
__iar_Exp               0x1112a881   0x334  Code  Gb  xexp.o [5]
__iar_FDnorm            0x1112f31d    0x30  Code  Gb  xfdnorm.o [5]
__iar_FLog              0x1112e369   0x180  Code  Gb  xflog.o [5]
__iar_Log               0x1112a505   0x26c  Code  Gb  xlog.o [5]
__iar_Logpoly           0x1112a78d    0x6c  Code  Gb  xlog.o [5]
__iar_Memchr            0x11137ad8          Code  Gb  memchr.o [6]
__iar_Memset            0x11135fec          Code  Gb  ABImemset.o [6]
__iar_Memset4_word      0x1112e670          Code  Gb  ABImemset48.o [6]
__iar_Memset8_word      0x1112e670          Code  Gb  ABImemset48.o [6]
__iar_Memset_word       0x11135ff8          Code  Gb  ABImemset.o [6]
__iar_ReportAssert      0x1112e6f1    0x4a  Code  Gb  xreportassert.o [3]
__iar_Stoul             0x11133753     0xa  Code  Gb  xstoul.o [3]
__iar_Stoulx            0x11133629   0x12a  Code  Gb  xstoul.o [3]
__iar_Strchr            0x11133608          Code  Gb  strchr.o [6]
__iar_Strstr            0x11135af5    0x2e  Code  Gb  strstr.o [3]
__iar_SubNrm            0x1112dfd4          Code  Gb  FltMul.o [5]
__iar_SubNrmP           0x1112dfd0          Code  Gb  FltMul.o [5]
__iar_close_ttio        0x11139ec8    0x58  Code  Gb  iarttio.o [7]
__iar_cstart_call_ctors
                        0x1114490c    0x34  Code  Gb  cmain_call_ctors.o [6]
__iar_dadd              0x11129dcc          Code  Gb  DblAdd.o [5]
__iar_data_init3        0x1114486c    0x4c  Code  Gb  data_init3.o [6]
__iar_default_requirements$$_Printf<unknown>printf {Abs}
                        0x00000000           --   Gb  printf.o [3]
__iar_default_requirements$$_Printf<unknown>sprintf {Abs}
                        0x00000000           --   Gb  sprintf.o [3]
__iar_dlib_perthread_access
                        0x1112abb5     0x2  Code  Gb  xtls.o [3]
__iar_dsub              0x11129f9c          Code  Gb  DblSub.o [5]
__iar_dsubStart         0x11129fbc          Code  Gb  DblSub.o [5]
__iar_fadd              0x1112e00c          Code  Gb  FltAdd.o [5]
__iar_fsub              0x1112e17c          Code  Gb  FltSub.o [5]
__iar_fsubStart         0x1112e18c          Code  Gb  FltSub.o [5]
__iar_get_ttio          0x11139f20    0x5c  Code  Gb  iarttio.o [7]
__iar_i2f               0x1112e6bc          Code  Gb  S32ToFlt.o [5]
__iar_lookup_ttioh      0x11139f81     0x8  Code  Gb  XShttio.o [3]
__iar_program_start     0x11129100          Code  Gb  cstartup.o [1]
__iar_provide$$_Printf<flags,floats,hex_floats,int_specials,long_longs,n_formatters,qualifiers,widths>_PrintfFull {Abs}
                        0x00000000           --   Gb  xprintffull.o [3]
__iar_return_from_swi   0x11144908     0x4  Code  Gb  xreturnswi.o [7]
__iar_sh_stdout         0x1113943c    0x40  Code  Gb  iarwstd.o [7]
__iar_sh_write          0x1113947c    0x44  Code  Gb  iarwrite.o [7]
__iar_ttio_handles      0x111478b0     0x8  Data  Lc  XShttio.o [3]
__iar_zero_init3        0x11144979    0x28  Code  Gb  zero_init3.o [6]
__k                     0x111478bf     0x1  Data  Gb  minimad.o [1]
__low_level_init        0x11144869     0x4  Code  Gb  low_level_init.o [3]
__n_frag                0x11133845    0x1a  Code  Lc  ls.o [1]
__prev_book             0x111300b9    0x2a  Code  Gb  main.o [1]
__sti__routine          0x1112d6a5    0x12  Code  Lc  TDStretch.o [1]
__sti__routine          0x11133521    0x4e  Code  Lc  _stretch.o [1]
__vector                0x111447d4          Code  Gb  vectors.o [1]
__vector_end            0x1114480c          Code  Gb  vectors.o [1]
__write_buffered        0x11132f81    0xd4  Code  Gb  xxwritebuffered.o [3]
_aic23_svolume          0x1112fe61    0x42  Code  Gb  _aic23.o [1]
_b_s_down               0x111465a1     0x1  Data  Gb  lpc_io_stereo.o [1]
_b_vol_down             0x111576d8     0x1  Data  Gb  minimad.o [1]
_backup_number          0x1112fef3    0x22  Code  Lc  main.o [1]
_boost_inc              0x111576c0     0x2  Data  Gb  minimad.o [1]
_booster                0x1113480d    0x12  Code  Gb  drv_booster.o [1]
_booster_mux            0x1113481f    0x12  Code  Gb  drv_booster.o [1]
_booster_silence        0x11134831    0x12  Code  Gb  drv_booster.o [1]
_buff1                  0x1114658c    0x14  Data  Gb  main.o [1]
_call_main              0x11144854          Code  Gb  cmain.o [6]
_check2                 0x1113477b     0x4  Code  Gb  charger.o [1]
_check3                 0x1113477f     0x4  Code  Gb  charger.o [1]
_check_folder           0x11130395    0x5a  Code  Lc  main.o [1]
_clear_buff             0x1113270d     0xe  Code  Gb  lpc_io_stereo.o [1]
_clock_setup            0x11132567    0x20  Code  Lc  lpc_io_stereo.o [1]
_close_folder           0x1112ff41    0x16  Code  Lc  main.o [1]
_curr_level             0x1112ff27    0x1a  Code  Lc  main.o [1]
_dis_irq                0x1112f570     0x8  Code  Gb  _wd.o [1]
_en                     0x11157340     0x1  Data  Lc  _stretch.o [1]
_en_irq                 0x1112f564     0xc  Code  Gb  _wd.o [1]
_exit                   0x111448e0          Code  Gb  cexit.o [6]
_ext__                  0x11157410     0xc  Data  Gb  keeper.o [1]
_fast_down              0x1112fa25    0x2c  Code  Gb  keyb.o [1]
_fast_up                0x1112f9f9    0x2c  Code  Gb  keyb.o [1]
_file__                 0x11157404     0xc  Data  Gb  keeper.o [1]
_find_frag              0x11130601   0x3dc  Code  Gb  main.o [1]
_folder_file            0x11130405    0x44  Code  Lc  main.o [1]
_folder_file1           0x11130451    0x32  Code  Lc  main.o [1]
_forward_book           0x1112f8e3    0x34  Code  Gb  keyb.o [1]
_forward_frag           0x1112f875    0x34  Code  Gb  keyb.o [1]
_fpos                   0x11157568     0x4  Data  Gb  main.o [1]
_get_U_POWER1           0x1113475f     0xe  Code  Gb  charger.o [1]
_get_U_POWER2           0x1113476d     0xe  Code  Gb  charger.o [1]
_get_key_block          0x11133f85     0x4  Code  Gb  keeper.o [1]
_get_status_bit         0x1112f74f    0xa8  Code  Gb  keyb.o [1]
_header_ready           0x111576c6     0x1  Data  Gb  minimad.o [1]
_init_bat_monitor       0x1113475d     0x2  Code  Gb  charger.o [1]
_init_boost             0x11134755     0x2  Code  Gb  _boost_tpa6011.o [1]
_init_boost_book        0x11134757     0x2  Code  Gb  _boost_tpa6011.o [1]
_init_boost_mp3         0x11134759     0x2  Code  Gb  _boost_tpa6011.o [1]
_init_curr_pos          0x11130b21    0xe0  Code  Gb  main.o [1]
_init_level_tab         0x1112fed5    0x1e  Code  Lc  main.o [1]
_init_render            0x11132419     0xa  Code  Gb  lpc_io_stereo.o [1]
_k1                     0x111465b0     0x4  Data  Gb  lpc_io_stereo.o [1]
_keep_key_block         0x11133f89     0x4  Code  Gb  keeper.o [1]
_key_long_pressed       0x11157684     0x2  Data  Lc  keyb.o [1]
_key_press              0x11157680     0x2  Data  Lc  keyb.o [1]
_key_pressed            0x11157682     0x2  Data  Lc  keyb.o [1]
_key_pressed_counter    0x11157674     0xc  Data  Lc  keyb.o [1]
_level_update           0x1112ff57    0x8e  Code  Lc  main.o [1]
_main                   0x1114485c          Code  Gb  cmain.o [6]
_max_counter            0x111478bc     0x1  Data  Gb  lpc_io_stereo.o [1]
_mode                   0x1112f82b    0x34  Code  Gb  keyb.o [1]
_n_play                 0x11130129    0x8c  Code  Lc  main.o [1]
_next_book              0x11130081    0x38  Code  Gb  main.o [1]
_nfrag                  0x11157560     0x2  Data  Gb  main.o [1]
_num_frag               0x11130351    0x44  Code  Gb  main.o [1]
_options                0x1112fa51    0x28  Code  Gb  keyb.o [1]
_p_ls_getNext           0x1113385f   0x164  Code  Lc  ls.o [1]
_p_ls_getPrev           0x111339d1   0x182  Code  Lc  ls.o [1]
_param_get              0x11133f55    0x30  Code  Gb  keeper.o [1]
_param_put              0x11133f51     0x2  Code  Gb  keeper.o [1]
_patch_dot__            0x11134077    0x40  Code  Gb  keeper.o [1]
_play_bookmark_number   0x11130299    0x42  Code  Gb  main.o [1]
_play_frag_number       0x111301cd    0xcc  Code  Gb  main.o [1]
_play_rem               0x111300ed    0x36  Code  Gb  main.o [1]
_play_stop              0x1112f7f7    0x34  Code  Gb  keyb.o [1]
_pos_frag               0x111309e1    0x5c  Code  Gb  main.o [1]
_prev_book              0x1112f917    0x34  Code  Gb  keyb.o [1]
_prev_frag              0x1112f8b1    0x32  Code  Gb  keyb.o [1]
_real_folder            0x111340c5   0x198  Code  Gb  keeper.o [1]
_reset_WD               0x1112f560     0x4  Code  Gb  _wd.o [1]
_save_bookmark_par      0x11130a3d    0xd2  Code  Gb  main.o [1]
_setTempo               0x1113356f     0xe  Code  Gb  _stretch.o [1]
_set_curr_keys          0x1112f5ff   0x150  Code  Lc  keyb.o [1]
_sleep                  0x1112f955    0x40  Code  Gb  keyb.o [1]
_stretch_Is_en          0x111335ed     0x6  Code  Gb  _stretch.o [1]
_stretch_en             0x111335e7     0x6  Code  Gb  _stretch.o [1]
_stretch_getSamples     0x111335d3    0x14  Code  Gb  _stretch.o [1]
_stretch_init           0x1113357d    0x42  Code  Gb  _stretch.o [1]
_stretch_putSamples     0x111335bf    0x14  Code  Gb  _stretch.o [1]
_tab_empty              0x1112ff15    0x12  Code  Lc  main.o [1]
_trim                   0x1112ffe5    0x56  Code  Gb  main.o [1]
_turnon                 0x11134843    0x12  Code  Gb  drv_booster.o [1]
_uninit_boost           0x1113475b     0x2  Code  Gb  _boost_tpa6011.o [1]
_valid_get              0x11133f8d    0xea  Code  Gb  keeper.o [1]
_var                    0x1115755e     0x1  Data  Gb  main.o [1]
_var1                   0x11157670     0x1  Data  Gb  keyb.o [1]
_var55                  0x111576de     0x1  Data  Gb  minimad.o [1]
_var77                  0x111576e1     0x1  Data  Gb  minimad.o [1]
_var78                  0x111576e2     0x1  Data  Gb  minimad.o [1]
_var81                  0x111576e3     0x1  Data  Gb  minimad.o [1]
_var90                  0x111576e4     0x1  Data  Gb  minimad.o [1]
_var92                  0x111576e5     0x1  Data  Gb  minimad.o [1]
_var95                  0x111576e6     0x1  Data  Gb  minimad.o [1]
_var96                  0x111576e7     0x1  Data  Gb  minimad.o [1]
_virt_sample            0x11130485    0x74  Code  Lc  main.o [1]
_virt_sample_b          0x11130571    0x6a  Code  Lc  main.o [1]
_virt_sample_back       0x111304f9    0x78  Code  Gb  main.o [1]
_volume_down            0x1112f9d5    0x24  Code  Gb  keyb.o [1]
_volume_up              0x1112f99d    0x28  Code  Gb  keyb.o [1]
abort                   0x1112e775     0x2  Code  Gb  minimad.o [1]
abs                     0x11138993     0x8  Code  Gb  abs.o [3]
bitalloc_table          0x1113a7f8    0x20  Data  Lc  layer12.o [1]
bitrate_table           0x111366dc   0x12c  Data  Lc  frame.o [1]
bosr_usb_divisor_table  0x111575e8    0x10  Data  Lc  _aic23.o [1]
btea                    0x11135b25   0x15c  Code  Gb  _crypt.o [1]
ca                      0x1112c518    0x20  Data  Lc  layer3.o [1]
cgu_ClkId2DomainId      0x111349b7    0x94  Code  Gb  lpc313x_cgu_driver.o [1]
cgu_clk_en_dis          0x11134e49    0x1c  Code  Lc  lpc313x_i2s_clock_driver.o [1]
cgu_clk_en_dis          0x11133055    0x1c  Code  Lc  lpc313x_timer_driver.o [1]
cgu_clkid2esrid         0x1113499d    0x1a  Code  Gb  lpc313x_cgu_driver.o [1]
cgu_fdiv_config         0x11134a4b    0x80  Code  Gb  lpc313x_cgu_driver.o [1]
cgu_fdiv_num_bits       0x11134981    0x1c  Code  Lc  lpc313x_cgu_driver.o [1]
cgu_get_clk_freq        0x11134b3d    0x82  Code  Gb  lpc313x_cgu_driver.o [1]
cgu_hpll_config         0x11134bc5    0xb0  Code  Gb  lpc313x_cgu_driver.o [1]
cgu_init                0x11134acb    0x1c  Code  Gb  lpc313x_cgu_driver.o [1]
cgu_set_base_freq       0x11134af9    0x3e  Code  Gb  lpc313x_cgu_driver.o [1]
cgu_soft_reset_module   0x11134c75    0x28  Code  Gb  lpc313x_cgu_driver.o [1]
clkarray                0x11147880    0x10  Data  Lc  lpc313x_i2s_clock_driver.o [1]
cp15_force_cache_coherence
                        0x11137a30    0x44  Code  Gb  lpc_arm922t_cp15_driver.o [1]
cp15_get_mmu_control_reg
                        0x11137a74     0x8  Code  Gb  lpc_arm922t_cp15_driver.o [1]
crc_table               0x11136210   0x200  Data  Lc  bit.o [1]
cs                      0x1112c4f8    0x20  Data  Lc  layer3.o [1]
d_file                  0x11157694     0x4  Data  Gb  file.o [1]
dct32                   0x11136b1d   0x8bc  Code  Lc  synth_stereo.o [1]
dctIV                   0x11143bed    0xca  Code  Lc  layer3.o [1]
decode                  0x1112f285    0x3e  Code  Lc  minimad.o [1]
decode_header           0x11136459   0x194  Code  Lc  frame.o [1]
decoder_table           0x11136aac     0xc  Data  Lc  frame.o [1]
device                  0x11144a0c     0x1  Data  Gb  main.o [1]
digits                  0x1113375c    0x28  Data  Lc  xstoul.o [3]
dir_addCluster          0x11135fb1    0x38  Code  Gb  dir.o [1]
dir_createDefaultEntry  0x11135cd9    0x2a  Code  Gb  dir.o [1]
dir_createDirectoryEntry
                        0x11135cad    0x2c  Code  Gb  dir.o [1]
dir_findFileinBuf       0x11135d83    0x5a  Code  Gb  dir.o [1]
dir_findFreeEntryinBuf  0x11135ddd    0x4c  Code  Gb  dir.o [1]
dir_findinBuf           0x11135e29    0x1e  Code  Gb  dir.o [1]
dir_findinCluster       0x11135e47    0x5e  Code  Gb  dir.o [1]
dir_findinDir           0x11135ea5    0x54  Code  Gb  dir.o [1]
dir_findinRootArea      0x11135ef9    0x62  Code  Gb  dir.o [1]
dir_getFatFileName      0x11135f65    0x4c  Code  Gb  dir.o [1]
dir_getFileStructure    0x11135c81    0x2c  Code  Gb  dir.o [1]
dir_setFileSize         0x11135d31    0x24  Code  Gb  dir.o [1]
dir_setFirstCluster     0x11135d03    0x2e  Code  Gb  dir.o [1]
dir_updateDirectoryEntry
                        0x11135d55    0x2e  Code  Gb  dir.o [1]
disable_audio_render    0x11132447    0x3a  Code  Gb  lpc_io_stereo.o [1]
disc_initDisc           0x1113920b     0xe  Code  Gb  disc.o [1]
disc_loadMBR            0x11139219    0x34  Code  Gb  disc.o [1]
div                     0x111394c5    0x20  Code  Gb  div.o [3]
dma_alloc_channel       0x11134dc9    0x60  Code  Gb  lpc313x_dma_driver.o [1]
dma_buff                0x111465b4  0x1000  Data  Lc  lpc_io_stereo.o [1]
dma_callback            0x11132531    0x36  Code  Gb  lpc_io_stereo.o [1]
dma_get_base            0x11134e31     0x8  Code  Gb  lpc313x_dma_driver.o [1]
dma_init                0x11134d53    0x76  Code  Gb  lpc313x_dma_driver.o [1]
dma_interrupt           0x11134cc5    0x8e  Code  Gb  lpc313x_dma_driver.o [1]
dmach                   0x111465a8     0x4  Data  Lc  lpc_io_stereo.o [1]
dmadoneflag             0x111465a4     0x4  Data  Lc  lpc_io_stereo.o [1]
dmaregs                 0x111465ac     0x4  Data  Lc  lpc_io_stereo.o [1]
efs                     0x11144a64   0xd6c  Data  Gb  main.o [1]
efs_flash               0x111457d0   0xd6c  Data  Gb  main.o [1]
efs_init                0x11134789    0x84  Code  Gb  efs.o [1]
enable_audio_render     0x11132423    0x24  Code  Gb  lpc_io_stereo.o [1]
error                   0x1112f27f     0x6  Code  Lc  minimad.o [1]
error_default           0x11132def    0x2a  Code  Lc  decoder.o [1]
ex_getPartitionField    0x111389c3    0x3c  Code  Gb  extract.o [1]
ex_getb16               0x1113899b    0x10  Code  Gb  extract.o [1]
ex_getb32               0x111389ab    0x18  Code  Gb  extract.o [1]
exit                    0x111448b9     0x8  Code  Gb  exit.o [3]
fastsdct                0x111439e3   0x106  Code  Lc  layer3.o [1]
fat_LogicToDiscCluster  0x11135539    0x54  Code  Gb  fat.o [1]
fat_allocClusterChain   0x1113558d   0x138  Code  Gb  fat.o [1]
fat_getNextClusterAddress
                        0x11135181    0x94  Code  Gb  fat.o [1]
fat_getNextClusterAddressWBuf
                        0x1113535b    0x70  Code  Gb  fat.o [1]
fat_getNextClusterChain
                        0x11135495    0xa4  Code  Gb  fat.o [1]
fat_getSectorAddressFatEntry
                        0x11135141    0x40  Code  Gb  fat.o [1]
fat_giveEocMarker       0x11135339    0x22  Code  Gb  fat.o [1]
fat_isEocMarker         0x11135307    0x32  Code  Gb  fat.o [1]
fat_setNextClusterAddress
                        0x11135215    0xf2  Code  Gb  fat.o [1]
fat_setNextClusterAddressWBuf
                        0x111353cb    0xae  Code  Gb  fat.o [1]
file                    0x11144a14    0x50  Data  Gb  main.o [1]
file1                   0x1114653c    0x50  Data  Gb  main.o [1]
file_fclose             0x11132bbb    0x6c  Code  Gb  file.o [1]
file_fopen              0x111329a5   0x216  Code  Gb  file.o [1]
file_fread              0x111327a9    0xe2  Code  Gb  file.o [1]
file_getAttr            0x11132d15     0xc  Code  Gb  file.o [1]
file_initFile           0x11132c27    0x2a  Code  Gb  file.o [1]
file_name               0x1115741c    0x64  Data  Lc  keeper.o [1]
file_name               0x111574f8    0x64  Data  Gb  main.o [1]
file_normalToFatName    0x11132c51    0x94  Code  Gb  file.o [1]
file_read               0x1113288b   0x100  Code  Gb  file.o [1]
file_setAttr            0x11132cf9    0x1c  Code  Gb  file.o [1]
file_validateChar       0x11132ce5    0x14  Code  Gb  file.o [1]
fill_buff               0x111324eb    0x46  Code  Gb  lpc_io_stereo.o [1]
find_rate               0x1112fba7   0x108  Code  Lc  _aic23.o [1]
format_file_name        0x1113003b    0x46  Code  Gb  main.o [1]
frame_overlap_buff      0x11152ad4  0x1200  Data  Gb  layer3.o [1]
free_bitrate            0x111365ed    0xe2  Code  Lc  frame.o [1]
fs_clearCluster         0x11135ab7    0x3e  Code  Gb  fs.o [1]
fs_clusterToSector      0x111358d1    0x26  Code  Gb  fs.o [1]
fs_countDataSectors     0x11135817    0x48  Code  Gb  fs.o [1]
fs_determineFatType     0x1113585f    0x28  Code  Gb  fs.o [1]
fs_findFile             0x11135921    0xc6  Code  Gb  fs.o [1]
fs_findFirstSectorRootDir
                        0x11135895    0x30  Code  Gb  fs.o [1]
fs_findFreeFile         0x111359e7    0x6c  Code  Gb  fs.o [1]
fs_getFirstClusterRootDir
                        0x11135a8f    0x10  Code  Gb  fs.o [1]
fs_getLastCluster       0x11135a53    0x3c  Code  Gb  fs.o [1]
fs_getNextFreeCluster   0x111358f7    0x26  Code  Gb  fs.o [1]
fs_giveFreeClusterHint  0x1113591d     0x4  Code  Gb  fs.o [1]
fs_hasTimeSupport       0x11135fe9     0x4  Code  Gb  time.o [1]
fs_initClusterChain     0x11135a9f    0x10  Code  Gb  fs.o [1]
fs_initCurrentDir       0x111358c5     0xc  Code  Gb  fs.o [1]
fs_initFs               0x111356c5    0x4a  Code  Gb  fs.o [1]
fs_isValidFat           0x1113570f    0x2c  Code  Gb  fs.o [1]
fs_loadVolumeId         0x1113573b    0x72  Code  Gb  fs.o [1]
fs_setFirstClusterInDirEntry
                        0x11135aaf     0x8  Code  Gb  fs.o [1]
fs_verifySanity         0x111357ad    0x6a  Code  Gb  fs.o [1]
g_card_info             0x11156d48   0x24c  Data  Lc  lpc313x_mci_driver.o [1]
g_cgu_driver            0x11157650    0x20  Data  Gb  lpc313x_cgu_driver.o [1]
g_dmadrv_dat            0x11157240   0x100  Data  Lc  lpc313x_dma_driver.o [1]
g_intc_drv              0x11157698     0xc  Data  Gb  lpc313x_intc_driver.o [1]
g_irq_func_ptrs         0x11157480    0x78  Data  Gb  lpc313x_intc_driver.o [1]
g_tmr_cfg               0x11147850    0x20  Data  Lc  lpc313x_timer_driver.o [1]
get_score               0x1112fa7d    0x36  Code  Lc  _aic23.o [1]
hufftab0                0x1112aed0     0x2  Data  Lc  huffman.o [1]
hufftab1                0x1112aed4    0x10  Data  Lc  huffman.o [1]
hufftab10               0x1112b100    0xcc  Data  Lc  huffman.o [1]
hufftab11               0x1112b1cc    0xd0  Data  Lc  huffman.o [1]
hufftab12               0x1112b29c    0xc0  Data  Lc  huffman.o [1]
hufftab13               0x1112b35c   0x31c  Data  Lc  huffman.o [1]
hufftab15               0x1112b678   0x2f8  Data  Lc  huffman.o [1]
hufftab16               0x1112b970   0x324  Data  Lc  huffman.o [1]
hufftab2                0x1112aee4    0x20  Data  Lc  huffman.o [1]
hufftab24               0x1112bc94   0x304  Data  Lc  huffman.o [1]
hufftab3                0x1112af04    0x20  Data  Lc  huffman.o [1]
hufftab5                0x1112af24    0x34  Data  Lc  huffman.o [1]
hufftab6                0x1112af58    0x38  Data  Lc  huffman.o [1]
hufftab7                0x1112af90    0x80  Data  Lc  huffman.o [1]
hufftab8                0x1112b010    0x84  Data  Lc  huffman.o [1]
hufftab9                0x1112b094    0x6c  Data  Lc  huffman.o [1]
hufftabA                0x1112ae78    0x38  Data  Lc  huffman.o [1]
hufftabB                0x1112aeb0    0x20  Data  Lc  huffman.o [1]
i2s_clk_state           0x11147774    0x10  Data  Lc  lpc313x_i2s_clock_driver.o [1]
if_initInterface        0x11138a53    0x6c  Code  Gb  lpc3131_mci_nand.o [1]
if_readBuf              0x11138abf    0x1c  Code  Gb  lpc3131_mci_nand.o [1]
if_writeBuf             0x11138adb    0x16  Code  Gb  lpc3131_mci_nand.o [1]
imdct36                 0x11143cd9    0x72  Code  Lc  layer3.o [1]
imdct_s                 0x1114417c    0x90  Data  Lc  layer3.o [1]
inFile                  0x11157368     0x4  Data  Lc  _stretch.o [1]
init_IO                 0x11132775     0x8  Code  Gb  lpc_io_stereo.o [1]
init_timer              0x11132587    0x7a  Code  Gb  lpc_io_stereo.o [1]
input                   0x1112e795   0xac4  Code  Lc  minimad.o [1]
int_enable              0x11133313    0x12  Code  Gb  lpc313x_intc_driver.o [1]
int_initialize          0x111332b1    0x4e  Code  Gb  lpc313x_intc_driver.o [1]
int_install_irq_handler
                        0x11133301    0x12  Code  Gb  lpc313x_intc_driver.o [1]
int_write_arm_vec_table
                        0x1113326d    0x44  Code  Lc  lpc313x_intc_driver.o [1]
internal_Pow            0x11129189   0x44c  Code  Lc  pow.o [5]
ioman_decUseCnt         0x11138c7b    0x12  Code  Gb  ioman.o [1]
ioman_directSectorRead  0x111391a9    0x62  Code  Gb  ioman.o [1]
ioman_findFreeSpot      0x11138e51    0x2c  Code  Gb  ioman.o [1]
ioman_findOverallocableSpot
                        0x11138f11    0x7c  Code  Gb  ioman.o [1]
ioman_findSectorInCache
                        0x11138e17    0x3a  Code  Gb  ioman.o [1]
ioman_findUnusedSpot    0x11138e7d    0x94  Code  Gb  ioman.o [1]
ioman_flushSector       0x11138fd5    0x5c  Code  Gb  ioman.o [1]
ioman_getAttr           0x11138c3d    0x1c  Code  Gb  ioman.o [1]
ioman_getBp             0x11138d85    0x2c  Code  Gb  ioman.o [1]
ioman_getPtr            0x11138d75    0x10  Code  Gb  ioman.o [1]
ioman_getRefCnt         0x11138c8d    0x10  Code  Gb  ioman.o [1]
ioman_getSector         0x11139031   0x116  Code  Gb  ioman.o [1]
ioman_getUseCnt         0x11138c59    0x10  Code  Gb  ioman.o [1]
ioman_incRefCnt         0x11138ca5    0x10  Code  Gb  ioman.o [1]
ioman_incUseCnt         0x11138c69    0x12  Code  Gb  ioman.o [1]
ioman_init              0x11138b99    0x1a  Code  Gb  ioman.o [1]
ioman_pop               0x11138ccd    0x54  Code  Gb  ioman.o [1]
ioman_push              0x11138d21    0x54  Code  Gb  ioman.o [1]
ioman_putSectorInCache  0x11138f8d    0x48  Code  Gb  ioman.o [1]
ioman_readSector        0x11138db1    0x22  Code  Gb  ioman.o [1]
ioman_releaseSector     0x11139147    0x62  Code  Gb  ioman.o [1]
ioman_reset             0x11138bb3    0x64  Code  Gb  ioman.o [1]
ioman_resetCacheItem    0x11138df5    0x22  Code  Gb  ioman.o [1]
ioman_setAttr           0x11138c17    0x26  Code  Gb  ioman.o [1]
ioman_writeSector       0x11138dd3    0x22  Code  Gb  ioman.o [1]
is_lsf_table            0x1112c554    0x78  Data  Lc  layer3.o [1]
is_table                0x1112c538    0x1c  Data  Lc  layer3.o [1]
keyb_Init               0x1112f595    0x6a  Code  Gb  keyb.o [1]
linear_table            0x1113a288    0x38  Data  Lc  layer12.o [1]
list                    0x111575f8    0x38  Data  Gb  main.o [1]
lnbias                  0x11129610   0x420  Data  Lc  pow.o [5]
lpc313x_ch_clk_disen    0x11134f57    0x22  Code  Lc  lpc313x_i2s_clock_driver.o [1]
lpc313x_chan_clk_enable
                        0x11134fb3    0x74  Code  Gb  lpc313x_i2s_clock_driver.o [1]
lpc313x_main_clk_rate   0x11134fab     0x8  Code  Gb  lpc313x_i2s_clock_driver.o [1]
lpc313x_reset_vector    0x111447d4          Code  Gb  vectors.o [1]
lpc313x_set_codec_freq  0x11134e65    0xf2  Code  Lc  lpc313x_i2s_clock_driver.o [1]
lpc313x_set_fsmult_rate
                        0x11134f79    0x32  Code  Gb  lpc313x_i2s_clock_driver.o [1]
lpc31xx_flush_dcache_range
                        0x11134940    0x40  Code  Gb  lpc31xx_vmem_driver.o [1]
lpc31xx_get_mem_region  0x11134898    0x44  Code  Lc  lpc31xx_vmem_driver.o [1]
lpc31xx_is_cache_on     0x1113491c    0x1c  Code  Gb  lpc31xx_vmem_driver.o [1]
lpc31xx_mem_regions     0x11147734    0x40  Data  Lc  lpc31xx_vmem_driver.o [1]
lpc31xx_va_to_pa        0x111348dc    0x2c  Code  Gb  lpc31xx_vmem_driver.o [1]
ls_fileEntryToDirListEntry
                        0x11133f23    0x2e  Code  Gb  ls.o [1]
ls_getDirEntry          0x11133827    0x1e  Code  Gb  ls.o [1]
ls_getNext              0x11133c75   0x1c6  Code  Gb  ls.o [1]
ls_getPrev              0x11133b53   0x116  Code  Gb  ls.o [1]
ls_getRealDirEntry      0x11133e45    0x6c  Code  Gb  ls.o [1]
ls_getRootAreaEntry     0x11133eb1    0x52  Code  Gb  ls.o [1]
ls_isValidFileEntry     0x11133f03    0x20  Code  Gb  ls.o [1]
ls_openDir              0x111337e5    0x42  Code  Gb  ls.o [1]
m_env                   0x11144a0e     0x1  Data  Gb  main.o [1]
m_env1                  0x111576c7     0x1  Data  Gb  minimad.o [1]
m_env10                 0x111576cd     0x1  Data  Gb  minimad.o [1]
m_env100                0x111576e8     0x1  Data  Gb  minimad.o [1]
m_env11                 0x111576ce     0x1  Data  Gb  minimad.o [1]
m_env12                 0x111576cf     0x1  Data  Gb  minimad.o [1]
m_env15                 0x111576d0     0x1  Data  Gb  minimad.o [1]
m_env17_                0x11144a0d     0x1  Data  Gb  main.o [1]
m_env18                 0x111576d1     0x1  Data  Gb  minimad.o [1]
m_env19_                0x111576d2     0x1  Data  Gb  minimad.o [1]
m_env2                  0x111576c8     0x1  Data  Gb  minimad.o [1]
m_env20_                0x111576d3     0x1  Data  Gb  minimad.o [1]
m_env21_                0x111576d4     0x1  Data  Gb  minimad.o [1]
m_env22_                0x111576d5     0x1  Data  Gb  minimad.o [1]
m_env23_                0x111576d6     0x1  Data  Gb  minimad.o [1]
m_env24_                0x111576d7     0x1  Data  Gb  minimad.o [1]
m_env25_                0x111576d9     0x1  Data  Gb  minimad.o [1]
m_env26_                0x111576da     0x1  Data  Gb  minimad.o [1]
m_env27_                0x111576db     0x1  Data  Gb  minimad.o [1]
m_env27___              0x111478c0     0x1  Data  Gb  minimad.o [1]
m_env28_                0x111576dc     0x1  Data  Gb  minimad.o [1]
m_env29_                0x111576dd     0x1  Data  Gb  minimad.o [1]
m_env3                  0x111478bd     0x1  Data  Gb  minimad.o [1]
m_env31_                0x111576df     0x1  Data  Gb  minimad.o [1]
m_env32_                0x111576c2     0x2  Data  Gb  minimad.o [1]
m_env32__               0x111576c4     0x2  Data  Gb  minimad.o [1]
m_env33                 0x111576e0     0x1  Data  Gb  minimad.o [1]
m_env4                  0x111576c9     0x1  Data  Gb  minimad.o [1]
m_env5                  0x11144a0f     0x1  Data  Gb  main.o [1]
m_env6                  0x111576ca     0x1  Data  Gb  minimad.o [1]
m_env7                  0x111576cb     0x1  Data  Gb  minimad.o [1]
m_env8                  0x111478be     0x1  Data  Gb  minimad.o [1]
m_env9                  0x111576cc     0x1  Data  Gb  minimad.o [1]
m_mode                  0x1115755c     0x1  Data  Gb  main.o [1]
m_mylock                0x11144a10     0x1  Data  Gb  main.o [1]
m_place                 0x11156f94   0x128  Data  Gb  main.o [1]
m_place_back            0x111570bc    0x44  Data  Gb  main.o [1]
m_sleep                 0x11144a00     0xc  Data  Gb  main.o [1]
m_time_play             0x111576b0     0x4  Data  Gb  minimad.o [1]
m_wait_stop             0x1115755d     0x1  Data  Gb  main.o [1]
m_ws_counter            0x11157564     0x4  Data  Gb  main.o [1]
mad_bit_crc             0x11136129    0xe2  Code  Gb  bit.o [1]
mad_bit_init            0x11136065     0xc  Code  Gb  bit.o [1]
mad_bit_length          0x11136071    0x16  Code  Gb  bit.o [1]
mad_bit_nextbyte        0x11136087     0xe  Code  Gb  bit.o [1]
mad_bit_read            0x111360bf    0x68  Code  Gb  bit.o [1]
mad_bit_skip            0x11136095    0x2a  Code  Gb  bit.o [1]
mad_decoder_finish      0x11132deb     0x4  Code  Gb  decoder.o [1]
mad_decoder_init        0x11132db9    0x32  Code  Gb  decoder.o [1]
mad_decoder_run         0x11132f43    0x26  Code  Gb  decoder.o [1]
mad_frame_decode        0x111369c1    0x7c  Code  Gb  frame.o [1]
mad_frame_finish        0x11136449    0x10  Code  Gb  frame.o [1]
mad_frame_init          0x11136431    0x18  Code  Gb  frame.o [1]
mad_frame_mute          0x11136a3d    0x62  Code  Gb  frame.o [1]
mad_header_decode       0x11136815   0x1a8  Code  Gb  frame.o [1]
mad_header_init         0x11136411    0x20  Code  Gb  frame.o [1]
mad_huff_pair_table     0x1112bfa0   0x100  Data  Gb  huffman.o [1]
mad_huff_quad_table     0x1112bf98     0x8  Data  Gb  huffman.o [1]
mad_layer_I             0x11139fcd   0x206  Code  Gb  layer12.o [1]
mad_layer_II            0x1113a2c1   0x42e  Code  Gb  layer12.o [1]
mad_layer_III           0x11144569   0x244  Code  Gb  layer3.o [1]
mad_stream_buffer       0x11132d5f    0x18  Code  Gb  stream.o [1]
mad_stream_finish       0x11132d53     0xc  Code  Gb  stream.o [1]
mad_stream_init         0x11132d21    0x32  Code  Gb  stream.o [1]
mad_stream_sync         0x11132d77    0x40  Code  Gb  stream.o [1]
mad_synth_frame         0x111377e3    0x78  Code  Gb  synth_stereo.o [1]
mad_synth_init          0x11136ab9    0x1a  Code  Gb  synth_stereo.o [1]
mad_synth_mute          0x11136ad3    0x48  Code  Gb  synth_stereo.o [1]
mad_timer_set           0x1113931b    0xd8  Code  Gb  timer.o [1]
mad_timer_zero          0x11139434     0x8  Data  Gb  timer.o [1]
main                    0x11130c21  0x17b4  Code  Gb  main.o [1]
mci_acquire             0x11139a85   0x20c  Code  Gb  lpc313x_mci_driver.o [1]
mci_execute_command     0x111398a1   0x1ae  Code  Gb  lpc313x_mci_driver.o [1]
mci_open                0x11139c95    0x6c  Code  Gb  lpc313x_mci_driver.o [1]
mci_read_blocks         0x11139d11    0x7a  Code  Gb  lpc313x_mci_driver.o [1]
mci_wait                0x11139e41    0x44  Code  Gb  lpc313x_mci_driver.o [1]
mci_write_blocks        0x11139d9d    0xa0  Code  Gb  lpc313x_mci_driver.o [1]
memClr                  0x1113512f    0x12  Code  Gb  plibc.o [1]
memCpy                  0x11135117    0x18  Code  Gb  plibc.o [1]
memchr                  0x11137ad8          Code  Gb  memchr.o [6]
memcpy                  0x1113277d    0x16  Code  Gb  minimad.o [1]
memmove                 0x11132793    0x16  Code  Gb  minimad.o [1]
memset                  0x1113897f    0x14  Code  Gb  memset.o [3]
mp3_file                0x111576ac     0x4  Data  Lc  minimad.o [1]
mp3_play                0x1112e777    0x14  Code  Gb  minimad.o [1]
mp3_stream_buf          0x11156748   0x600  Data  Lc  minimad.o [1]
nand_ReadPage           0x1113959d    0x64  Code  Gb  drv_nand.o [1]
nand_SetAddress         0x11139563    0x2e  Code  Gb  drv_nand.o [1]
nand_readSector         0x11138b41    0x40  Code  Gb  lpc3131_mci_nand.o [1]
ndigs                   0x11133784    0x28  Data  Lc  xstoul.o [3]
next_abi_dtor_rec       0x111576b4     0x4  Data  Lc  cppinit.o [3]
nsfb_table              0x1112c174    0x48  Data  Lc  layer3.o [1]
offset_table            0x1113a818    0x5c  Data  Lc  layer12.o [1]
out                     0x1112e6dd    0x14  Code  Lc  xreportassert.o [3]
output                  0x1112f269    0x16  Code  Lc  minimad.o [1]
pSoundTouch             0x1115736c     0x4  Data  Lc  _stretch.o [1]
page0                   0x11154d40  0x1000  Data  Gb  lpc3131_mci_nand.o [1]
part_directSectorRead   0x111350df    0x18  Code  Gb  partition.o [1]
part_getRealLBA         0x111350ab    0x10  Code  Gb  partition.o [1]
part_getSect            0x111350bb    0x18  Code  Gb  partition.o [1]
part_initPartition      0x11135061    0x26  Code  Gb  partition.o [1]
part_isFatPart          0x11135087    0x24  Code  Gb  partition.o [1]
part_relSect            0x111350d3     0xc  Code  Gb  partition.o [1]
pllsetup_32K_1024       0x1114782c    0x24  Data  Lc  lpc313x_i2s_clock_driver.o [1]
pllsetup_44_1K_1024     0x111477e4    0x24  Data  Lc  lpc313x_i2s_clock_driver.o [1]
pllsetup_44_1K_768      0x11147808    0x24  Data  Lc  lpc313x_i2s_clock_driver.o [1]
pllsetup_48K_1024       0x1114779c    0x24  Data  Lc  lpc313x_i2s_clock_driver.o [1]
pllsetup_48K_768        0x111477c0    0x24  Data  Lc  lpc313x_i2s_clock_driver.o [1]
pow                     0x11129601     0xe  Code  Gb  pow.o [5]
ppll_list               0x11147784    0x18  Data  Lc  lpc313x_i2s_clock_driver.o [1]
pretab                  0x1113afc4    0x18  Data  Lc  layer3.o [1]
prv_card_acquired       0x1113960d     0xe  Code  Lc  lpc313x_mci_driver.o [1]
prv_get_bits            0x1113961b    0x38  Code  Lc  lpc313x_mci_driver.o [1]
prv_process_csd         0x1113971f    0xe0  Code  Lc  lpc313x_mci_driver.o [1]
prv_pull_data           0x111396b1    0x2a  Code  Lc  lpc313x_mci_driver.o [1]
prv_pull_response       0x1113969d    0x14  Code  Lc  lpc313x_mci_driver.o [1]
prv_send_cmd            0x11139653    0x4a  Code  Lc  lpc313x_mci_driver.o [1]
prv_set_trans_state     0x111397ff    0x74  Code  Lc  lpc313x_mci_driver.o [1]
prv_wait_for_completion
                        0x111396db    0x44  Code  Lc  lpc313x_mci_driver.o [1]
putchar                 0x1112f539    0x26  Code  Gb  putchar.o [3]
qc_table                0x1113a874    0xcc  Data  Lc  layer12.o [1]
r                       0x1115768c     0x4  Data  Gb  file.o [1]
reduce_rational         0x1113926f    0x38  Code  Lc  timer.o [1]
reduce_timer            0x1113924d    0x22  Code  Lc  timer.o [1]
render_sample_block     0x111324a5    0x46  Code  Gb  lpc_io_stereo.o [1]
root_table              0x1112c4dc    0x1c  Data  Lc  layer3.o [1]
rq_table                0x1113afdc  0x803c  Data  Lc  layer3.o [1]
run_sync                0x11132e19   0x12a  Code  Lc  decoder.o [1]
rx0clks                 0x11147890     0x8  Data  Lc  lpc313x_i2s_clock_driver.o [1]
rx1clks                 0x111478a0     0x8  Data  Lc  lpc313x_i2s_clock_driver.o [1]
samplerate_table        0x11136808     0xc  Data  Lc  frame.o [1]
save_ptr                0x11157690     0x4  Data  Gb  file.o [1]
sbquant_table           0x1112c0a0    0xb4  Data  Lc  layer12.o [1]
scale_rational          0x111392a7    0x74  Code  Lc  timer.o [1]
scanOffsets             0x111475b4   0x180  Data  Gb  TDStretch.o [1]
sd_readSector           0x11138af1    0x28  Code  Gb  lpc3131_mci_nand.o [1]
sd_writeSector          0x11138b19    0x28  Code  Gb  lpc3131_mci_nand.o [1]
sdctII                  0x11143af1    0xf4  Code  Lc  layer3.o [1]
set_dac_sample_rate     0x11132605   0x102  Code  Gb  lpc_io_stereo.o [1]
sf_table                0x1113a6f8   0x100  Data  Lc  layer12.o [1]
sfb_16000_mixed         0x1112c3e4    0x24  Data  Lc  layer3.o [1]
sfb_16000_short         0x1112c374    0x28  Data  Lc  layer3.o [1]
sfb_22050_long          0x1112c30c    0x18  Data  Lc  layer3.o [1]
sfb_22050_mixed         0x1112c3c0    0x24  Data  Lc  layer3.o [1]
sfb_22050_short         0x1112c34c    0x28  Data  Lc  layer3.o [1]
sfb_24000_long          0x1112c2f4    0x18  Data  Lc  layer3.o [1]
sfb_24000_mixed         0x1112c39c    0x24  Data  Lc  layer3.o [1]
sfb_24000_short         0x1112c324    0x28  Data  Lc  layer3.o [1]
sfb_32000_long          0x1112c1ec    0x18  Data  Lc  layer3.o [1]
sfb_32000_mixed         0x1112c2cc    0x28  Data  Lc  layer3.o [1]
sfb_32000_short         0x1112c254    0x28  Data  Lc  layer3.o [1]
sfb_44100_long          0x1112c1d4    0x18  Data  Lc  layer3.o [1]
sfb_44100_mixed         0x1112c2a4    0x28  Data  Lc  layer3.o [1]
sfb_44100_short         0x1112c22c    0x28  Data  Lc  layer3.o [1]
sfb_48000_long          0x1112c1bc    0x18  Data  Lc  layer3.o [1]
sfb_48000_mixed         0x1112c27c    0x28  Data  Lc  layer3.o [1]
sfb_48000_short         0x1112c204    0x28  Data  Lc  layer3.o [1]
sfb_8000_long           0x1112c408    0x18  Data  Lc  layer3.o [1]
sfb_8000_mixed          0x1112c448    0x28  Data  Lc  layer3.o [1]
sfb_8000_short          0x1112c420    0x28  Data  Lc  layer3.o [1]
sfbwidth_table          0x1112c470    0x6c  Data  Lc  layer3.o [1]
sflen_table             0x1112c154    0x20  Data  Lc  layer3.o [1]
sprintf                 0x111337ad    0x38  Code  Gb  sprintf.o [3]
sr_adc_mult_table       0x111575c0    0x10  Data  Lc  _aic23.o [1]
sr_dac_mult_table       0x111575d0    0x10  Data  Lc  _aic23.o [1]
sr_valid_mask           0x111575e0     0x8  Data  Lc  _aic23.o [1]
store                   0x1115756c    0x50  Data  Lc  xxwritebuffered.o [3]
storeLen                0x111575bc     0x4  Data  Lc  xxwritebuffered.o [3]
strMatch                0x111350f7    0x20  Code  Gb  plibc.o [1]
strchr                  0x11133608          Code  Gb  strchr.o [6]
strlen                  0x11133434          Code  Gb  strlen.o [6]
strncmp                 0x11134869    0x30  Code  Gb  strncmp.o [3]
strncpy                 0x11133488          Code  Gb  strncpy.o [6]
synth_full              0x111373e1   0x3fc  Code  Lc  synth_stereo.o [1]
synth_half              0x111377e1     0x2  Code  Lc  synth_stereo.o [1]
tempUnaligned           0x11149bf8  0x4268  Data  Lc  FIFOSampleBuffer.o [1]
timer0_user_interrupt   0x1112f581    0x14  Code  Lc  keyb.o [1]
timer0dev               0x11157688     0x4  Data  Lc  keyb.o [1]
timer_ioctl             0x11133155   0x118  Code  Gb  lpc313x_timer_driver.o [1]
timer_open              0x111330f1    0x3a  Code  Gb  lpc313x_timer_driver.o [1]
timer_ptr_to_timer_num  0x11133071    0x2e  Code  Gb  lpc313x_timer_driver.o [1]
timer_usec_to_val       0x1113309f    0x52  Code  Gb  lpc313x_timer_driver.o [1]
tlv320aic23_probe       0x1112fcd5   0x188  Code  Gb  _aic23.o [1]
tlv320aic23_read_reg_cache
                        0x1112fb49    0x10  Code  Lc  _aic23.o [1]
tlv320aic23_reg         0x11157630    0x20  Data  Lc  _aic23.o [1]
tlv320aic23_write       0x1112fb59    0x4e  Code  Lc  _aic23.o [1]
tx0clks                 0x11147898     0x8  Data  Lc  lpc313x_i2s_clock_driver.o [1]
tx1clks                 0x111478a8     0x8  Data  Lc  lpc313x_i2s_clock_driver.o [1]
vec_fiq_handler         0x1114480c          Code  Gb  vectors.o [1]
wait_end_of_excerpt     0x11132481    0x24  Code  Gb  lpc_io_stereo.o [1]
window_l                0x11144068    0x90  Data  Lc  layer3.o [1]
window_s                0x111440f8    0x30  Data  Lc  layer3.o [1]


[1] = D:\_designer\_4__08_01_2012\_new1\_codes\_modules\_m_lkf\Debug_iRAM\Obj
[2] = command line
[3] = dl5E_tln.a
[4] = dlpp5E_al_ne.a
[5] = m5E_tl.a
[6] = rt5E_al.a
[7] = shs_l.a

  103 732 bytes of readonly  code memory
    9 196 bytes of readonly  data memory
   77 130 bytes of readwrite data memory

Errors: none
Warnings: 1
